Archive member included to satisfy reference by file (symbol)

C:/Users/HP/STM32Cube/Repository/STM32Cube_FW_G0_V1.4.1/Middlewares/ST/STM32_USBPD_Library/Core/lib\USBPDCORE_PD3_FULL_CM0PLUS_wc32.a(usbpd_cad.o)
                              USBPD/usbpd_dpm_user.o (USBPD_CAD_EnterErrorRecovery)
C:/Users/HP/STM32Cube/Repository/STM32Cube_FW_G0_V1.4.1/Middlewares/ST/STM32_USBPD_Library/Core/lib\USBPDCORE_PD3_FULL_CM0PLUS_wc32.a(usbpd_pe.o)
                              C:/Users/HP/STM32Cube/Repository/STM32Cube_FW_G0_V1.4.1/Middlewares/ST/STM32_USBPD_Library/Core/lib\USBPDCORE_PD3_FULL_CM0PLUS_wc32.a(usbpd_cad.o) (Crc)
C:/Users/HP/STM32Cube/Repository/STM32Cube_FW_G0_V1.4.1/Middlewares/ST/STM32_USBPD_Library/Core/lib\USBPDCORE_PD3_FULL_CM0PLUS_wc32.a(usbpd_pe_lib.o)
                              USBPD/usbpd_dpm_core.o (USBPD_PE_CheckLIB)
C:/Users/HP/STM32Cube/Repository/STM32Cube_FW_G0_V1.4.1/Middlewares/ST/STM32_USBPD_Library/Core/lib\USBPDCORE_PD3_FULL_CM0PLUS_wc32.a(usbpd_pe_msg.o)
                              C:/Users/HP/STM32Cube/Repository/STM32Cube_FW_G0_V1.4.1/Middlewares/ST/STM32_USBPD_Library/Core/lib\USBPDCORE_PD3_FULL_CM0PLUS_wc32.a(usbpd_pe.o) (PE_Send_CtrlMessage)
C:/Users/HP/STM32Cube/Repository/STM32Cube_FW_G0_V1.4.1/Middlewares/ST/STM32_USBPD_Library/Core/lib\USBPDCORE_PD3_FULL_CM0PLUS_wc32.a(usbpd_pe_snk.o)
                              USBPD/usbpd_dpm_core.o (USBPD_PE_StateMachine_SNK)
C:/Users/HP/STM32Cube/Repository/STM32Cube_FW_G0_V1.4.1/Middlewares/ST/STM32_USBPD_Library/Core/lib\USBPDCORE_PD3_FULL_CM0PLUS_wc32.a(usbpd_pe_src.o)
                              C:/Users/HP/STM32Cube/Repository/STM32Cube_FW_G0_V1.4.1/Middlewares/ST/STM32_USBPD_Library/Core/lib\USBPDCORE_PD3_FULL_CM0PLUS_wc32.a(usbpd_pe.o) (USBPD_PE_StateMachine_SRC)
C:/Users/HP/STM32Cube/Repository/STM32Cube_FW_G0_V1.4.1/Middlewares/ST/STM32_USBPD_Library/Core/lib\USBPDCORE_PD3_FULL_CM0PLUS_wc32.a(usbpd_pe_vconn.o)
                              C:/Users/HP/STM32Cube/Repository/STM32Cube_FW_G0_V1.4.1/Middlewares/ST/STM32_USBPD_Library/Core/lib\USBPDCORE_PD3_FULL_CM0PLUS_wc32.a(usbpd_pe_snk.o) (PE_StateMachine_VDMCable)
C:/Users/HP/STM32Cube/Repository/STM32Cube_FW_G0_V1.4.1/Middlewares/ST/STM32_USBPD_Library/Core/lib\USBPDCORE_PD3_FULL_CM0PLUS_wc32.a(usbpd_pe_vdm.o)
                              C:/Users/HP/STM32Cube/Repository/STM32Cube_FW_G0_V1.4.1/Middlewares/ST/STM32_USBPD_Library/Core/lib\USBPDCORE_PD3_FULL_CM0PLUS_wc32.a(usbpd_pe_msg.o) (PE_Check_DataMessageVDM)
C:/Users/HP/STM32Cube/Repository/STM32Cube_FW_G0_V1.4.1/Middlewares/ST/STM32_USBPD_Library/Core/lib\USBPDCORE_PD3_FULL_CM0PLUS_wc32.a(usbpd_prl.o)
                              C:/Users/HP/STM32Cube/Repository/STM32Cube_FW_G0_V1.4.1/Middlewares/ST/STM32_USBPD_Library/Core/lib\USBPDCORE_PD3_FULL_CM0PLUS_wc32.a(usbpd_pe.o) (USBDPD_PRL_BistCarrierEyeMode)
c:/st/stm32cubeide_1.6.0/stm32cubeide/plugins/com.st.stm32cube.ide.mcu.externaltools.gnu-tools-for-stm32.9-2020-q2-update.win32_1.5.0.202011040924/tools/bin/../lib/gcc/arm-none-eabi/9.3.1/../../../../arm-none-eabi/lib/thumb/v6-m/nofp\libc_nano.a(lib_a-aeabi_memclr.o)
                              C:/Users/HP/STM32Cube/Repository/STM32Cube_FW_G0_V1.4.1/Middlewares/ST/STM32_USBPD_Library/Core/lib\USBPDCORE_PD3_FULL_CM0PLUS_wc32.a(usbpd_pe.o) (__aeabi_memclr4)
c:/st/stm32cubeide_1.6.0/stm32cubeide/plugins/com.st.stm32cube.ide.mcu.externaltools.gnu-tools-for-stm32.9-2020-q2-update.win32_1.5.0.202011040924/tools/bin/../lib/gcc/arm-none-eabi/9.3.1/../../../../arm-none-eabi/lib/thumb/v6-m/nofp\libc_nano.a(lib_a-aeabi_memcpy.o)
                              C:/Users/HP/STM32Cube/Repository/STM32Cube_FW_G0_V1.4.1/Middlewares/ST/STM32_USBPD_Library/Core/lib\USBPDCORE_PD3_FULL_CM0PLUS_wc32.a(usbpd_pe.o) (__aeabi_memcpy)
c:/st/stm32cubeide_1.6.0/stm32cubeide/plugins/com.st.stm32cube.ide.mcu.externaltools.gnu-tools-for-stm32.9-2020-q2-update.win32_1.5.0.202011040924/tools/bin/../lib/gcc/arm-none-eabi/9.3.1/../../../../arm-none-eabi/lib/thumb/v6-m/nofp\libc_nano.a(lib_a-aeabi_memset.o)
                              C:/Users/HP/STM32Cube/Repository/STM32Cube_FW_G0_V1.4.1/Middlewares/ST/STM32_USBPD_Library/Core/lib\USBPDCORE_PD3_FULL_CM0PLUS_wc32.a(usbpd_prl.o) (__aeabi_memset)
c:/st/stm32cubeide_1.6.0/stm32cubeide/plugins/com.st.stm32cube.ide.mcu.externaltools.gnu-tools-for-stm32.9-2020-q2-update.win32_1.5.0.202011040924/tools/bin/../lib/gcc/arm-none-eabi/9.3.1/../../../../arm-none-eabi/lib/thumb/v6-m/nofp\libc_nano.a(lib_a-errno.o)
                              Core/Src/syscalls.o (__errno)
c:/st/stm32cubeide_1.6.0/stm32cubeide/plugins/com.st.stm32cube.ide.mcu.externaltools.gnu-tools-for-stm32.9-2020-q2-update.win32_1.5.0.202011040924/tools/bin/../lib/gcc/arm-none-eabi/9.3.1/../../../../arm-none-eabi/lib/thumb/v6-m/nofp\libc_nano.a(lib_a-exit.o)
[...]
Memory Configuration

Name             Origin             Length             Attributes
RAM              0x0000000020000000 0x0000000000009000 xrw
FLASH            0x0000000008000000 0x0000000000020000 xr
*default*        0x0000000000000000 0xffffffffffffffff

Linker script and memory map

LOAD c:/st/stm32cubeide_1.6.0/stm32cubeide/plugins/com.st.stm32cube.ide.mcu.externaltools.gnu-tools-for-stm32.9-2020-q2-update.win32_1.5.0.202011040924/tools/bin/../lib/gcc/arm-none-eabi/9.3.1/thumb/v6-m/nofp/crti.o
LOAD c:/st/stm32cubeide_1.6.0/stm32cubeide/plugins/com.st.stm32cube.ide.mcu.externaltools.gnu-tools-for-stm32.9-2020-q2-update.win32_1.5.0.202011040924/tools/bin/../lib/gcc/arm-none-eabi/9.3.1/thumb/v6-m/nofp/crtbegin.o
LOAD c:/st/stm32cubeide_1.6.0/stm32cubeide/plugins/com.st.stm32cube.ide.mcu.externaltools.gnu-tools-for-stm32.9-2020-q2-update.win32_1.5.0.202011040924/tools/bin/../lib/gcc/arm-none-eabi/9.3.1/../../../../arm-none-eabi/lib/thumb/v6-m/nofp/crt0.o
LOAD Core/Src/app_freertos.o
LOAD Core/Src/main.o
LOAD Core/Src/stm32g0xx_hal_msp.o
LOAD Core/Src/stm32g0xx_it.o
LOAD Core/Src/syscalls.o
LOAD Core/Src/sysmem.o
LOAD Core/Src/system_stm32g0xx.o
LOAD Core/Startup/startup_stm32g071rbtx.o
LOAD Drivers/STM32G0xx_HAL_Driver/stm32g0xx_hal.o
LOAD Drivers/STM32G0xx_HAL_Driver/stm32g0xx_hal_adc.o
LOAD Drivers/STM32G0xx_HAL_Driver/stm32g0xx_hal_adc_ex.o
LOAD Drivers/STM32G0xx_HAL_Driver/stm32g0xx_hal_cortex.o
LOAD Drivers/STM32G0xx_HAL_Driver/stm32g0xx_hal_dma.o
LOAD Drivers/STM32G0xx_HAL_Driver/stm32g0xx_hal_dma_ex.o
LOAD Drivers/STM32G0xx_HAL_Driver/stm32g0xx_hal_exti.o
LOAD Drivers/STM32G0xx_HAL_Driver/stm32g0xx_hal_flash.o
LOAD Drivers/STM32G0xx_HAL_Driver/stm32g0xx_hal_flash_ex.o
LOAD Drivers/STM32G0xx_HAL_Driver/stm32g0xx_hal_gpio.o
LOAD Drivers/STM32G0xx_HAL_Driver/stm32g0xx_hal_pwr.o
LOAD Drivers/STM32G0xx_HAL_Driver/stm32g0xx_hal_pwr_ex.o
LOAD Drivers/STM32G0xx_HAL_Driver/stm32g0xx_hal_rcc.o
LOAD Drivers/STM32G0xx_HAL_Driver/stm32g0xx_hal_rcc_ex.o
LOAD Drivers/STM32G0xx_HAL_Driver/stm32g0xx_hal_tim.o
LOAD Drivers/STM32G0xx_HAL_Driver/stm32g0xx_hal_tim_ex.o
LOAD Drivers/STM32G0xx_HAL_Driver/stm32g0xx_ll_adc.o
LOAD Drivers/STM32G0xx_HAL_Driver/stm32g0xx_ll_dma.o
LOAD Drivers/STM32G0xx_HAL_Driver/stm32g0xx_ll_exti.o
LOAD Drivers/STM32G0xx_HAL_Driver/stm32g0xx_ll_gpio.o
LOAD Drivers/STM32G0xx_HAL_Driver/stm32g0xx_ll_lpuart.o
LOAD Drivers/STM32G0xx_HAL_Driver/stm32g0xx_ll_rcc.o
LOAD Drivers/STM32G0xx_HAL_Driver/stm32g0xx_ll_tim.o
LOAD Drivers/STM32G0xx_HAL_Driver/stm32g0xx_ll_ucpd.o
LOAD Drivers/STM32G0xx_HAL_Driver/stm32g0xx_ll_usart.o
LOAD Drivers/STM32G0xx_HAL_Driver/stm32g0xx_ll_utils.o
LOAD Middlewares/FreeRTOS/cmsis_os.o
LOAD Middlewares/FreeRTOS/croutine.o
LOAD Middlewares/FreeRTOS/event_groups.o
LOAD Middlewares/FreeRTOS/heap_4.o
LOAD Middlewares/FreeRTOS/list.o
LOAD Middlewares/FreeRTOS/port.o
LOAD Middlewares/FreeRTOS/queue.o
LOAD Middlewares/FreeRTOS/stream_buffer.o
LOAD Middlewares/FreeRTOS/tasks.o
LOAD Middlewares/FreeRTOS/timers.o
LOAD Middlewares/USBPD/usbpd_cad_hw_if.o
LOAD Middlewares/USBPD/usbpd_hw.o
LOAD Middlewares/USBPD/usbpd_hw_if_it.o
LOAD Middlewares/USBPD/usbpd_phy.o
LOAD Middlewares/USBPD/usbpd_phy_hw_if.o
LOAD Middlewares/USBPD/usbpd_pwr_hw_if.o
LOAD Middlewares/USBPD/usbpd_timersserver.o
LOAD Middlewares/USBPD/usbpd_trace.o
LOAD USBPD/App/usbpd.o
LOAD USBPD/usbpd_dpm_core.o
LOAD USBPD/usbpd_dpm_user.o
LOAD USBPD/usbpd_pwr_if.o
LOAD USBPD/usbpd_pwr_user.o
LOAD USBPD/usbpd_vdm_user.o
LOAD Utilities/bsp_gui.o
LOAD Utilities/data_struct_tlv.o
LOAD Utilities/gui_api.o
LOAD Utilities/tracer_emb.o
LOAD Utilities/tracer_emb_hw.o
LOAD C:/Users/HP/STM32Cube/Repository/STM32Cube_FW_G0_V1.4.1/Middlewares/ST/STM32_USBPD_Library/Core/lib\USBPDCORE_PD3_FULL_CM0PLUS_wc32.a
START GROUP
LOAD C:/Users/HP/STM32Cube/Repository/STM32Cube_FW_G0_V1.4.1/Middlewares/ST/STM32_USBPD_Library/Core/lib\USBPDCORE_PD3_FULL_CM0PLUS_wc32.a
END GROUP
START GROUP
LOAD c:/st/stm32cubeide_1.6.0/stm32cubeide/plugins/com.st.stm32cube.ide.mcu.externaltools.gnu-tools-for-stm32.9-2020-q2-update.win32_1.5.0.202011040924/tools/bin/../lib/gcc/arm-none-eabi/9.3.1/../../../../arm-none-eabi/lib/thumb/v6-m/nofp\libc_nano.a
LOAD c:/st/stm32cubeide_1.6.0/stm32cubeide/plugins/com.st.stm32cube.ide.mcu.externaltools.gnu-tools-for-stm32.9-2020-q2-update.win32_1.5.0.202011040924/tools/bin/../lib/gcc/arm-none-eabi/9.3.1/../../../../arm-none-eabi/lib/thumb/v6-m/nofp\libm.a
END GROUP
START GROUP
LOAD c:/st/stm32cubeide_1.6.0/stm32cubeide/plugins/com.st.stm32cube.ide.mcu.externaltools.gnu-tools-for-stm32.9-2020-q2-update.win32_1.5.0.202011040924/tools/bin/../lib/gcc/arm-none-eabi/9.3.1/thumb/v6-m/nofp\libgcc.a
LOAD c:/st/stm32cubeide_1.6.0/stm32cubeide/plugins/com.st.stm32cube.ide.mcu.externaltools.gnu-tools-for-stm32.9-2020-q2-update.win32_1.5.0.202011040924/tools/bin/../lib/gcc/arm-none-eabi/9.3.1/../../../../arm-none-eabi/lib/thumb/v6-m/nofp\libc_nano.a
END GROUP
START GROUP
LOAD c:/st/stm32cubeide_1.6.0/stm32cubeide/plugins/com.st.stm32cube.ide.mcu.externaltools.gnu-tools-for-stm32.9-2020-q2-update.win32_1.5.0.202011040924/tools/bin/../lib/gcc/arm-none-eabi/9.3.1/thumb/v6-m/nofp\libgcc.a
LOAD c:/st/stm32cubeide_1.6.0/stm32cubeide/plugins/com.st.stm32cube.ide.mcu.externaltools.gnu-tools-for-stm32.9-2020-q2-update.win32_1.5.0.202011040924/tools/bin/../lib/gcc/arm-none-eabi/9.3.1/../../../../arm-none-eabi/lib/thumb/v6-m/nofp\libc_nano.a
LOAD c:/st/stm32cubeide_1.6.0/stm32cubeide/plugins/com.st.stm32cube.ide.mcu.externaltools.gnu-tools-for-stm32.9-2020-q2-update.win32_1.5.0.202011040924/tools/bin/../lib/gcc/arm-none-eabi/9.3.1/../../../../arm-none-eabi/lib/thumb/v6-m/nofp\libnosys.a
END GROUP
START GROUP
LOAD c:/st/stm32cubeide_1.6.0/stm32cubeide/plugins/com.st.stm32cube.ide.mcu.externaltools.gnu-tools-for-stm32.9-2020-q2-update.win32_1.5.0.202011040924/tools/bin/../lib/gcc/arm-none-eabi/9.3.1/thumb/v6-m/nofp\libgcc.a
LOAD c:/st/stm32cubeide_1.6.0/stm32cubeide/plugins/com.st.stm32cube.ide.mcu.externaltools.gnu-tools-for-stm32.9-2020-q2-update.win32_1.5.0.202011040924/tools/bin/../lib/gcc/arm-none-eabi/9.3.1/../../../../arm-none-eabi/lib/thumb/v6-m/nofp\libc_nano.a
LOAD c:/st/stm32cubeide_1.6.0/stm32cubeide/plugins/com.st.stm32cube.ide.mcu.externaltools.gnu-tools-for-stm32.9-2020-q2-update.win32_1.5.0.202011040924/tools/bin/../lib/gcc/arm-none-eabi/9.3.1/../../../../arm-none-eabi/lib/thumb/v6-m/nofp\libnosys.a
END GROUP
LOAD c:/st/stm32cubeide_1.6.0/stm32cubeide/plugins/com.st.stm32cube.ide.mcu.externaltools.gnu-tools-for-stm32.9-2020-q2-update.win32_1.5.0.202011040924/tools/bin/../lib/gcc/arm-none-eabi/9.3.1/thumb/v6-m/nofp/crtend.o
LOAD c:/st/stm32cubeide_1.6.0/stm32cubeide/plugins/com.st.stm32cube.ide.mcu.externaltools.gnu-tools-for-stm32.9-2020-q2-update.win32_1.5.0.202011040924/tools/bin/../lib/gcc/arm-none-eabi/9.3.1/thumb/v6-m/nofp/crtn.o
                0x0000000020009000                _estack = (ORIGIN (RAM) + LENGTH (RAM))
                0x0000000000000500                _Min_Heap_Size = 0x500
                0x0000000000000400                _Min_Stack_Size = 0x400

.isr_vector     0x0000000008000000       0xbc
                0x0000000008000000                . = ALIGN (0x4)
 *(.isr_vector)
 .isr_vector    0x0000000008000000       0xbc Core/Startup/startup_stm32g071rbtx.o
                0x0000000008000000                g_pfnVectors
                0x00000000080000bc                . = ALIGN (0x4)

.text           0x00000000080000c0    0x159d8
                0x00000000080000c0                . = ALIGN (0x4)
 *(.text)
 .text          0x00000000080000c0       0x48 c:/st/stm32cubeide_1.6.0/stm32cubeide/plugins/com.st.stm32cube.ide.mcu.externaltools.gnu-tools-for-stm32.9-2020-q2-update.win32_1.5.0.202011040924/tools/bin/../lib/gcc/arm-none-eabi/9.3.1/thumb/v6-m/nofp/crtbegin.o
 .text          0x0000000008000108      0x22a C:/Users/HP/STM32Cube/Repository/STM32Cube_FW_G0_V1.4.1/Middlewares/ST/STM32_USBPD_Library/Core/lib\USBPDCORE_PD3_FULL_CM0PLUS_wc32.a(usbpd_cad.o)
                0x0000000008000108                USBPD_CAD_Init
                0x00000000080001b6                USBPD_CAD_PortEnable
                0x00000000080001c6                USBPD_CAD_Process
                0x00000000080002f0                USBPD_CAD_AssertRd
                0x0000000008000300                USBPD_CAD_AssertRp
                0x0000000008000310                USBPD_CAD_EnterErrorRecovery
                0x0000000008000318                USBPD_CAD_SRC_SetRpResistor
                0x0000000008000326                USBPD_CAD_SetRpResistor
                0x000000000800032e                USBPD_CAD_GetMemoryConsumption
 *fill*         0x0000000008000332        0x2 
 .text          0x0000000008000334     0x104c C:/Users/HP/STM32Cube/Repository/STM32Cube_FW_G0_V1.4.1/Middlewares/ST/STM32_USBPD_Library/Core/lib\USBPDCORE_PD3_FULL_CM0PLUS_wc32.a(usbpd_pe.o)
                0x0000000008000334                USBPD_PE_Init
                0x00000000080003fe                USBPD_PE_TimerCounter
                0x0000000008000446                USBPD_PE_TimerCounteUpdate
                0x00000000080004a4                USBPD_PE_IsCableConnected
                0x00000000080004c6                USBPD_PE_StateMachine_DRP
                0x00000000080004e4                USBPD_PE_InitVDM_Callback
                0x00000000080004ee                USBPD_PE_Request_HardReset
                0x0000000008000506                USBPD_PE_Request_CableReset
                0x0000000008000534                USBPD_PE_Request_CtrlMessage
                0x0000000008000674                USBPD_PE_Request_DataMessage
                0x0000000008000718                USBPD_PE_Send_Request
                0x0000000008000780                USBPD_PE_SendExtendedMessage
                0x0000000008000872                PE_Send_RESET
                0x0000000008000890                PE_Get_SpecRevision
                0x00000000080008a4                PE_ChangePowerRole
                0x00000000080008c0                PE_Get_RxEvent
                0x000000000800092e                PE_Clear_RxEvent
                0x0000000008000972                PE_PRL_Control_RxEvent
                0x000000000800099c                PE_Convert_SOPRxEvent
                0x00000000080009b8                PE_Check_AMSConflict
                0x0000000008000a24                PE_PRL_ResetReceived
                0x0000000008000a78                PE_PRL_BistCompleted
                0x0000000008000a7a                PE_Reset_HardReset
                0x0000000008000aec                PE_Reset_ZI
                0x0000000008000b58                PE_Reset_Counter
                0x0000000008000b68                PE_Reset_StateMachine
                0x0000000008000bbc                PE_ExtRevisionInteroperability
                0x0000000008000c06                PE_PRL_FastRoleSwapReception
                0x0000000008000c18                PE_PRL_PostReceiveEvent
                0x0000000008000c50                PE_PRL_PostReceiveEventError
                0x0000000008000c7c                PE_PRL_PostReceiveEventCopy
                0x0000000008000cb4                PE_PRL_PostReceiveEventComplete
                0x0000000008000cf4                PE_Get_UnchunkedSupport
                0x0000000008000d14                PE_SubStateMachine_Generic
                0x0000000008001212                PE_SubStateMachine_ReceiveDRS
                0x0000000008001288                PE_Notification
                0x00000000080012ac                PE_UpdateTimer
                0x00000000080012c0                PE_CallHardResetCallback
                0x00000000080012d2                PE_SetPowerNegotiation
                0x00000000080012f8                USBPD_PE_ExecFastRoleSwapSignalling
                0x000000000800131c                PE_CalculateMinTiming
                0x0000000008001344                PE_SetPowerNegociation
 .text          0x0000000008001380       0x40 C:/Users/HP/STM32Cube/Repository/STM32Cube_FW_G0_V1.4.1/Middlewares/ST/STM32_USBPD_Library/Core/lib\USBPDCORE_PD3_FULL_CM0PLUS_wc32.a(usbpd_pe_lib.o)
                0x0000000008001380                USBPD_PE_SetTrace
                0x000000000800138c                USBPD_PE_CheckLIB
                0x00000000080013a8                USBPD_PE_GetMemoryConsumption
                0x00000000080013be                PE_Trace_Empty
 .text          0x00000000080013c0      0x8e6 C:/Users/HP/STM32Cube/Repository/STM32Cube_FW_G0_V1.4.1/Middlewares/ST/STM32_USBPD_Library/Core/lib\USBPDCORE_PD3_FULL_CM0PLUS_wc32.a(usbpd_pe_msg.o)
                0x00000000080013c0                PE_Send_CtrlMessage
                0x000000000800141a                PE_Send_DataMessage
                0x0000000008001498                PE_Check_ControlMessage
                0x0000000008001654                PE_Check_DataMessage
                0x0000000008001780                PE_Check_ExtendedMessage
                0x000000000800196c                PE_Send_ExtendedMessage
                0x00000000080019be                PE_CheckSendMessageStatus
                0x0000000008001a2c                PE_SubStateMachine_ExtendedMessages
                0x0000000008001c7c                PE_ManageRXEvent
 *fill*         0x0000000008001ca6        0x2 
 .text          0x0000000008001ca8      0xe38 C:/Users/HP/STM32Cube/Repository/STM32Cube_FW_G0_V1.4.1/Middlewares/ST/STM32_USBPD_Library/Core/lib\USBPDCORE_PD3_FULL_CM0PLUS_wc32.a(usbpd_pe_snk.o)
                0x0000000008001ca8                USBPD_PE_StateMachine_SNK
                0x00000000080029c0                PE_StateMachine_SNK_ReadyWait
 .text          0x0000000008002ae0      0xfa4 C:/Users/HP/STM32Cube/Repository/STM32Cube_FW_G0_V1.4.1/Middlewares/ST/STM32_USBPD_Library/Core/lib\USBPDCORE_PD3_FULL_CM0PLUS_wc32.a(usbpd_pe_src.o)
                0x0000000008002ae0                USBPD_PE_StateMachine_SRC
                0x0000000008003a14                PE_Send_SRCCapabilities
 .text          0x0000000008003a84      0x524 C:/Users/HP/STM32Cube/Repository/STM32Cube_FW_G0_V1.4.1/Middlewares/ST/STM32_USBPD_Library/Core/lib\USBPDCORE_PD3_FULL_CM0PLUS_wc32.a(usbpd_pe_vconn.o)
                0x0000000008003a84                PE_StateMachine_VDMCable
                0x0000000008003d28                PE_SubStateMachine_VconnSwap
 .text          0x0000000008003fa8     0x15bc C:/Users/HP/STM32Cube/Repository/STM32Cube_FW_G0_V1.4.1/Middlewares/ST/STM32_USBPD_Library/Core/lib\USBPDCORE_PD3_FULL_CM0PLUS_wc32.a(usbpd_pe_vdm.o)
                0x0000000008003fa8                USBPD_PE_SVDM_RequestIdentity
                0x000000000800402a                USBPD_PE_SVDM_RequestSVID
                0x000000000800408e                USBPD_PE_SVDM_RequestMode
                0x00000000080040f8                USBPD_PE_SVDM_RequestModeEnter
                0x0000000008004174                USBPD_PE_SVDM_RequestModeExit
                0x00000000080041f0                USBPD_PE_SVDM_RequestSpecific
                0x0000000008004254                USBPD_PE_SVDM_RequestAttention
                0x00000000080042b4                USBPD_PE_UVDM_RequestMessage
                0x0000000008004308                PE_Receive_SVDM
                0x000000000800440c                PE_StateMachine_VDM
                0x00000000080051b4                PE_StateMachine_UVDM
                0x000000000800523c                PE_Check_DataMessageVDM
                0x0000000008005308                PE_SVDM_CheckIdentity
                0x0000000008005490                PE_SVDM_CheckSVIDs
                0x0000000008005514                PE_SVDM_CheckModes
 .text          0x0000000008005564      0xbcc C:/Users/HP/STM32Cube/Repository/STM32Cube_FW_G0_V1.4.1/Middlewares/ST/STM32_USBPD_Library/Core/lib\USBPDCORE_PD3_FULL_CM0PLUS_wc32.a(usbpd_prl.o)
                0x0000000008005564                USBPD_PRL_TimerCounter
                0x0000000008005588                USBPD_PRL_Init
                0x000000000800560c                USBPD_PRL_GetMemoryConsumption
                0x0000000008005612                USBPD_PRL_SetHeader
                0x000000000800564a                USBPD_PRL_SetHeaderPowerRole
                0x000000000800565e                USBPD_PRL_SetHeaderDataRole
                0x0000000008005676                USBPD_PRL_SetHeaderSpecification
                0x000000000800568e                USBPD_PRL_CBL_SetHeaderSpecification
                0x00000000080056ae                USBPD_PRL_SRCSetSinkNG
                0x00000000080056b6                USBPD_PRL_SRCReleaseSinkNG
                0x00000000080056dc                USBPD_PRL_IsResistor_SinkTxOK
                0x00000000080056e4                USBPD_PRL_FastRoleSwapSignalling
                0x00000000080056f4                USBPD_PRL_SOPCapability
                0x00000000080056fc                USBPD_PRL_SendMessage
                0x00000000080059cc                USBPD_PRL_ResetRequestProcess
                0x0000000008005a26                USBDPD_PRL_BistCarrierEyeMode
                0x0000000008005a36                USBDPD_PRL_BistCarrierEyeModeExit
                0x0000000008005a48                USBPD_PRL_Reset
                0x0000000008005a94                USBPD_PRL_DeInit
                0x000000000800606c                USBPD_PRL_PrepareExtendedTxChunkSending
                0x00000000080060bc                USBPD_PRL_PrepareChunkRequest
 .text          0x0000000008006130        0xe c:/st/stm32cubeide_1.6.0/stm32cubeide/plugins/com.st.stm32cube.ide.mcu.externaltools.gnu-tools-for-stm32.9-2020-q2-update.win32_1.5.0.202011040924/tools/bin/../lib/gcc/arm-none-eabi/9.3.1/../../../../arm-none-eabi/lib/thumb/v6-m/nofp\libc_nano.a(lib_a-strlen.o)
                0x0000000008006130                strlen
 *fill*         0x000000000800613e        0x2 
 .text          0x0000000008006140       0x14 c:/st/stm32cubeide_1.6.0/stm32cubeide/plugins/com.st.stm32cube.ide.mcu.externaltools.gnu-tools-for-stm32.9-2020-q2-update.win32_1.5.0.202011040924/tools/bin/../lib/gcc/arm-none-eabi/9.3.1/thumb/v6-m/nofp\libgcc.a(_thumb1_case_shi.o)
                0x0000000008006140                __gnu_thumb1_case_shi
 .text          0x0000000008006154      0x114 c:/st/stm32cubeide_1.6.0/stm32cubeide/plugins/com.st.stm32cube.ide.mcu.externaltools.gnu-tools-for-stm32.9-2020-q2-update.win32_1.5.0.202011040924/tools/bin/../lib/gcc/arm-none-eabi/9.3.1/thumb/v6-m/nofp\libgcc.a(_udivsi3.o)
                0x0000000008006154                __aeabi_uidiv
                0x0000000008006154                __udivsi3
                0x0000000008006260                __aeabi_uidivmod
 .text          0x0000000008006268      0x1d4 c:/st/stm32cubeide_1.6.0/stm32cubeide/plugins/com.st.stm32cube.ide.mcu.externaltools.gnu-tools-for-stm32.9-2020-q2-update.win32_1.5.0.202011040924/tools/bin/../lib/gcc/arm-none-eabi/9.3.1/thumb/v6-m/nofp\libgcc.a(_divsi3.o)
                0x0000000008006268                __divsi3
                0x0000000008006268                __aeabi_idiv
                0x0000000008006434                __aeabi_idivmod
 .text          0x000000000800643c        0x4 c:/st/stm32cubeide_1.6.0/stm32cubeide/plugins/com.st.stm32cube.ide.mcu.externaltools.gnu-tools-for-stm32.9-2020-q2-update.win32_1.5.0.202011040924/tools/bin/../lib/gcc/arm-none-eabi/9.3.1/thumb/v6-m/nofp\libgcc.a(_dvmd_tls.o)
                0x000000000800643c                __aeabi_idiv0
                0x000000000800643c                __aeabi_ldiv0
 .text          0x0000000008006440       0x40 c:/st/stm32cubeide_1.6.0/stm32cubeide/plugins/com.st.stm32cube.ide.mcu.externaltools.gnu-tools-for-stm32.9-2020-q2-update.win32_1.5.0.202011040924/tools/bin/../lib/gcc/arm-none-eabi/9.3.1/thumb/v6-m/nofp\libgcc.a(_aeabi_uldivmod.o)
                0x0000000008006440                __aeabi_uldivmod
 .text          0x0000000008006480      0x198 c:/st/stm32cubeide_1.6.0/stm32cubeide/plugins/com.st.stm32cube.ide.mcu.externaltools.gnu-tools-for-stm32.9-2020-q2-update.win32_1.5.0.202011040924/tools/bin/../lib/gcc/arm-none-eabi/9.3.1/thumb/v6-m/nofp\libgcc.a(_udivmoddi4.o)
                0x0000000008006480                __udivmoddi4
 .text          0x0000000008006618       0x18 c:/st/stm32cubeide_1.6.0/stm32cubeide/plugins/com.st.stm32cube.ide.mcu.externaltools.gnu-tools-for-stm32.9-2020-q2-update.win32_1.5.0.202011040924/tools/bin/../lib/gcc/arm-none-eabi/9.3.1/thumb/v6-m/nofp\libgcc.a(_clzdi2.o)
                0x0000000008006618                __clzdi2
 .text          0x0000000008006630       0x3c c:/st/stm32cubeide_1.6.0/stm32cubeide/plugins/com.st.stm32cube.ide.mcu.externaltools.gnu-tools-for-stm32.9-2020-q2-update.win32_1.5.0.202011040924/tools/bin/../lib/gcc/arm-none-eabi/9.3.1/thumb/v6-m/nofp\libgcc.a(_clzsi2.o)
                0x0000000008006630                __clzsi2
 *(.text*)
 .text.__NVIC_EnableIRQ
                0x000000000800666c       0x34 Core/Src/main.o
 .text.__NVIC_SetPriority
                0x00000000080066a0       0xdc Core/Src/main.o
 .text.LL_DMA_SetDataTransferDirection
                0x000000000800677c       0x4c Core/Src/main.o
 .text.LL_DMA_SetMode
                0x00000000080067c8       0x48 Core/Src/main.o
 .text.LL_DMA_SetPeriphIncMode
                0x0000000008006810       0x48 Core/Src/main.o
 .text.LL_DMA_SetMemoryIncMode
                0x0000000008006858       0x48 Core/Src/main.o
 .text.LL_DMA_SetPeriphSize
                0x00000000080068a0       0x4c Core/Src/main.o
 .text.LL_DMA_SetMemorySize
                0x00000000080068ec       0x4c Core/Src/main.o
 .text.LL_DMA_SetChannelPriorityLevel
                0x0000000008006938       0x4c Core/Src/main.o
 .text.LL_DMA_SetPeriphRequest
                0x0000000008006984       0x58 Core/Src/main.o
 .text.LL_LPUART_Enable
                0x00000000080069dc       0x1c Core/Src/main.o
 .text.LL_LPUART_DisableFIFO
                0x00000000080069f8       0x20 Core/Src/main.o
 .text.LL_LPUART_SetTXFIFOThreshold
                0x0000000008006a18       0x24 Core/Src/main.o
 .text.LL_LPUART_SetRXFIFOThreshold
                0x0000000008006a3c       0x28 Core/Src/main.o
 .text.LL_LPUART_IsActiveFlag_TEACK
                0x0000000008006a64       0x28 Core/Src/main.o
 .text.LL_LPUART_IsActiveFlag_REACK
                0x0000000008006a8c       0x28 Core/Src/main.o
 .text.LL_APB1_GRP1_EnableClock
                0x0000000008006ab4       0x2c Core/Src/main.o
 .text.LL_IOP_GRP1_EnableClock
                0x0000000008006ae0       0x2c Core/Src/main.o
 .text.main     0x0000000008006b0c       0x50 Core/Src/main.o
                0x0000000008006b0c                main
 .text.SystemClock_Config
                0x0000000008006b5c       0xf4 Core/Src/main.o
                0x0000000008006b5c                SystemClock_Config
 .text.MX_ADC1_Init
                0x0000000008006c50       0xec Core/Src/main.o
 .text.MX_LPUART1_UART_Init
                0x0000000008006d3c      0x194 Core/Src/main.o
 .text.MX_UCPD1_Init
                0x0000000008006ed0      0x14c Core/Src/main.o
 .text.MX_DMA_Init
                0x000000000800701c       0x48 Core/Src/main.o
 .text.MX_GPIO_Init
                0x0000000008007064       0x44 Core/Src/main.o
 .text.StartDefaultTask
                0x00000000080070a8       0x10 Core/Src/main.o
                0x00000000080070a8                StartDefaultTask
 .text.Error_Handler
                0x00000000080070b8        0xa Core/Src/main.o
                0x00000000080070b8                Error_Handler
 *fill*         0x00000000080070c2        0x2 
 .text.HAL_MspInit
                0x00000000080070c4       0x60 Core/Src/stm32g0xx_hal_msp.o
                0x00000000080070c4                HAL_MspInit
 .text.HAL_ADC_MspInit
                0x0000000008007124       0x88 Core/Src/stm32g0xx_hal_msp.o
                0x0000000008007124                HAL_ADC_MspInit
 .text.NMI_Handler
                0x00000000080071ac        0x6 Core/Src/stm32g0xx_it.o
                0x00000000080071ac                NMI_Handler
 .text.HardFault_Handler
                0x00000000080071b2        0x6 Core/Src/stm32g0xx_it.o
                0x00000000080071b2                HardFault_Handler
 .text.SysTick_Handler
                0x00000000080071b8       0x28 Core/Src/stm32g0xx_it.o
                0x00000000080071b8                SysTick_Handler
 .text.UCPD1_2_IRQHandler
                0x00000000080071e0        0xe Core/Src/stm32g0xx_it.o
                0x00000000080071e0                UCPD1_2_IRQHandler
 .text.DMA1_Channel1_IRQHandler
                0x00000000080071ee        0xa Core/Src/stm32g0xx_it.o
                0x00000000080071ee                DMA1_Channel1_IRQHandler
 .text.DMA1_Channel2_3_IRQHandler
                0x00000000080071f8        0xe Core/Src/stm32g0xx_it.o
                0x00000000080071f8                DMA1_Channel2_3_IRQHandler
 .text.USART3_4_LPUART1_IRQHandler
                0x0000000008007206        0xe Core/Src/stm32g0xx_it.o
                0x0000000008007206                USART3_4_LPUART1_IRQHandler
 .text._sbrk    0x0000000008007214       0x6c Core/Src/sysmem.o
                0x0000000008007214                _sbrk
 .text.SystemInit
                0x0000000008007280       0x18 Core/Src/system_stm32g0xx.o
                0x0000000008007280                SystemInit
 .text.Reset_Handler
                0x0000000008007298       0x50 Core/Startup/startup_stm32g071rbtx.o
                0x0000000008007298                Reset_Handler
 .text.Default_Handler
                0x00000000080072e8        0x2 Core/Startup/startup_stm32g071rbtx.o
                0x00000000080072e8                TIM1_CC_IRQHandler
                0x00000000080072e8                ADC1_COMP_IRQHandler
                0x00000000080072e8                PVD_IRQHandler
                0x00000000080072e8                I2C1_IRQHandler
                0x00000000080072e8                TIM7_LPTIM2_IRQHandler
                0x00000000080072e8                RTC_TAMP_IRQHandler
                0x00000000080072e8                SPI1_IRQHandler
                0x00000000080072e8                EXTI2_3_IRQHandler
                0x00000000080072e8                I2C2_IRQHandler
                0x00000000080072e8                TIM17_IRQHandler
                0x00000000080072e8                TIM16_IRQHandler
                0x00000000080072e8                TIM3_IRQHandler
                0x00000000080072e8                EXTI4_15_IRQHandler
                0x00000000080072e8                RCC_IRQHandler
                0x00000000080072e8                Default_Handler
                0x00000000080072e8                CEC_IRQHandler
                0x00000000080072e8                TIM14_IRQHandler
                0x00000000080072e8                TIM15_IRQHandler
                0x00000000080072e8                EXTI0_1_IRQHandler
                0x00000000080072e8                SPI2_IRQHandler
                0x00000000080072e8                TIM6_DAC_LPTIM1_IRQHandler
                0x00000000080072e8                WWDG_IRQHandler
                0x00000000080072e8                TIM2_IRQHandler
                0x00000000080072e8                DMA1_Ch4_7_DMAMUX1_OVR_IRQHandler
                0x00000000080072e8                USART2_IRQHandler
                0x00000000080072e8                FLASH_IRQHandler
                0x00000000080072e8                USART1_IRQHandler
                0x00000000080072e8                TIM1_BRK_UP_TRG_COM_IRQHandler
 *fill*         0x00000000080072ea        0x2 
 .text.HAL_Init
                0x00000000080072ec       0x40 Drivers/STM32G0xx_HAL_Driver/stm32g0xx_hal.o
                0x00000000080072ec                HAL_Init
 .text.HAL_InitTick
                0x000000000800732c       0x94 Drivers/STM32G0xx_HAL_Driver/stm32g0xx_hal.o
                0x000000000800732c                HAL_InitTick
 .text.HAL_IncTick
                0x00000000080073c0       0x24 Drivers/STM32G0xx_HAL_Driver/stm32g0xx_hal.o
                0x00000000080073c0                HAL_IncTick
 .text.HAL_GetTick
                0x00000000080073e4       0x14 Drivers/STM32G0xx_HAL_Driver/stm32g0xx_hal.o
                0x00000000080073e4                HAL_GetTick
 .text.HAL_Delay
                0x00000000080073f8       0x48 Drivers/STM32G0xx_HAL_Driver/stm32g0xx_hal.o
                0x00000000080073f8                HAL_Delay
 .text.HAL_SYSCFG_StrobeDBattpinsConfig
                0x0000000008007440       0x2c Drivers/STM32G0xx_HAL_Driver/stm32g0xx_hal.o
                0x0000000008007440                HAL_SYSCFG_StrobeDBattpinsConfig
 .text.LL_ADC_SetCommonPathInternalCh
                0x000000000800746c       0x28 Drivers/STM32G0xx_HAL_Driver/stm32g0xx_hal_adc.o
 .text.LL_ADC_GetCommonPathInternalCh
                0x0000000008007494       0x1a Drivers/STM32G0xx_HAL_Driver/stm32g0xx_hal_adc.o
 .text.LL_ADC_SetSamplingTimeCommonChannels
                0x00000000080074ae       0x3a Drivers/STM32G0xx_HAL_Driver/stm32g0xx_hal_adc.o
 .text.LL_ADC_REG_SetSequencerRanks
                0x00000000080074e8       0x40 Drivers/STM32G0xx_HAL_Driver/stm32g0xx_hal_adc.o
 .text.LL_ADC_REG_SetSequencerChAdd
                0x0000000008007528       0x22 Drivers/STM32G0xx_HAL_Driver/stm32g0xx_hal_adc.o
 .text.LL_ADC_REG_SetSequencerChRem
                0x000000000800754a       0x24 Drivers/STM32G0xx_HAL_Driver/stm32g0xx_hal_adc.o
 *fill*         0x000000000800756e        0x2 
 .text.LL_ADC_SetChannelSamplingTime
                0x0000000008007570       0x38 Drivers/STM32G0xx_HAL_Driver/stm32g0xx_hal_adc.o
 .text.LL_ADC_EnableInternalRegulator
                0x00000000080075a8       0x28 Drivers/STM32G0xx_HAL_Driver/stm32g0xx_hal_adc.o
 .text.LL_ADC_IsInternalRegulatorEnabled
                0x00000000080075d0       0x28 Drivers/STM32G0xx_HAL_Driver/stm32g0xx_hal_adc.o
 .text.LL_ADC_Enable
                0x00000000080075f8       0x24 Drivers/STM32G0xx_HAL_Driver/stm32g0xx_hal_adc.o
 .text.LL_ADC_Disable
                0x000000000800761c       0x24 Drivers/STM32G0xx_HAL_Driver/stm32g0xx_hal_adc.o
 .text.LL_ADC_IsEnabled
                0x0000000008007640       0x22 Drivers/STM32G0xx_HAL_Driver/stm32g0xx_hal_adc.o
 .text.LL_ADC_IsDisableOngoing
                0x0000000008007662       0x22 Drivers/STM32G0xx_HAL_Driver/stm32g0xx_hal_adc.o
 .text.LL_ADC_REG_StartConversion
                0x0000000008007684       0x24 Drivers/STM32G0xx_HAL_Driver/stm32g0xx_hal_adc.o
 .text.LL_ADC_REG_IsConversionOngoing
                0x00000000080076a8       0x22 Drivers/STM32G0xx_HAL_Driver/stm32g0xx_hal_adc.o
 *fill*         0x00000000080076ca        0x2 
 .text.HAL_ADC_Init
                0x00000000080076cc      0x3b0 Drivers/STM32G0xx_HAL_Driver/stm32g0xx_hal_adc.o
                0x00000000080076cc                HAL_ADC_Init
 .text.HAL_ADC_Start
                0x0000000008007a7c       0x9c Drivers/STM32G0xx_HAL_Driver/stm32g0xx_hal_adc.o
                0x0000000008007a7c                HAL_ADC_Start
 .text.HAL_ADC_ConfigChannel
                0x0000000008007b18      0x3b4 Drivers/STM32G0xx_HAL_Driver/stm32g0xx_hal_adc.o
                0x0000000008007b18                HAL_ADC_ConfigChannel
 .text.ADC_Enable
                0x0000000008007ecc       0xfc Drivers/STM32G0xx_HAL_Driver/stm32g0xx_hal_adc.o
                0x0000000008007ecc                ADC_Enable
 .text.ADC_Disable
                0x0000000008007fc8       0xb0 Drivers/STM32G0xx_HAL_Driver/stm32g0xx_hal_adc.o
                0x0000000008007fc8                ADC_Disable
 .text.LL_ADC_IsEnabled
                0x0000000008008078       0x22 Drivers/STM32G0xx_HAL_Driver/stm32g0xx_hal_adc_ex.o
 .text.LL_ADC_IsCalibrationOnGoing
                0x000000000800809a       0x26 Drivers/STM32G0xx_HAL_Driver/stm32g0xx_hal_adc_ex.o
 .text.HAL_ADCEx_Calibration_Start
                0x00000000080080c0      0x104 Drivers/STM32G0xx_HAL_Driver/stm32g0xx_hal_adc_ex.o
                0x00000000080080c0                HAL_ADCEx_Calibration_Start
 .text.__NVIC_SetPriority
                0x00000000080081c4       0xdc Drivers/STM32G0xx_HAL_Driver/stm32g0xx_hal_cortex.o
 .text.__NVIC_SystemReset
                0x00000000080082a0       0x24 Drivers/STM32G0xx_HAL_Driver/stm32g0xx_hal_cortex.o
 .text.SysTick_Config
                0x00000000080082c4       0x48 Drivers/STM32G0xx_HAL_Driver/stm32g0xx_hal_cortex.o
 .text.HAL_NVIC_SetPriority
                0x000000000800830c       0x2a Drivers/STM32G0xx_HAL_Driver/stm32g0xx_hal_cortex.o
                0x000000000800830c                HAL_NVIC_SetPriority
 .text.HAL_NVIC_SystemReset
                0x0000000008008336        0x8 Drivers/STM32G0xx_HAL_Driver/stm32g0xx_hal_cortex.o
                0x0000000008008336                HAL_NVIC_SystemReset
 .text.HAL_SYSTICK_Config
                0x000000000800833e       0x1a Drivers/STM32G0xx_HAL_Driver/stm32g0xx_hal_cortex.o
                0x000000000800833e                HAL_SYSTICK_Config
 .text.HAL_FLASH_Program
                0x0000000008008358       0x9c Drivers/STM32G0xx_HAL_Driver/stm32g0xx_hal_flash.o
                0x0000000008008358                HAL_FLASH_Program
 .text.HAL_FLASH_Unlock
                0x00000000080083f4       0x48 Drivers/STM32G0xx_HAL_Driver/stm32g0xx_hal_flash.o
                0x00000000080083f4                HAL_FLASH_Unlock
 .text.HAL_FLASH_Lock
                0x000000000800843c       0x38 Drivers/STM32G0xx_HAL_Driver/stm32g0xx_hal_flash.o
                0x000000000800843c                HAL_FLASH_Lock
 .text.FLASH_WaitForLastOperation
                0x0000000008008474       0x9c Drivers/STM32G0xx_HAL_Driver/stm32g0xx_hal_flash.o
                0x0000000008008474                FLASH_WaitForLastOperation
 .text.FLASH_Program_DoubleWord
                0x0000000008008510       0x40 Drivers/STM32G0xx_HAL_Driver/stm32g0xx_hal_flash.o
 .text.HAL_FLASHEx_Erase
                0x0000000008008550       0xe8 Drivers/STM32G0xx_HAL_Driver/stm32g0xx_hal_flash_ex.o
                0x0000000008008550                HAL_FLASHEx_Erase
 .text.FLASH_MassErase
                0x0000000008008638       0x28 Drivers/STM32G0xx_HAL_Driver/stm32g0xx_hal_flash_ex.o
 .text.FLASH_PageErase
                0x0000000008008660       0x38 Drivers/STM32G0xx_HAL_Driver/stm32g0xx_hal_flash_ex.o
                0x0000000008008660                FLASH_PageErase
 .text.HAL_GPIO_Init
                0x0000000008008698      0x2c8 Drivers/STM32G0xx_HAL_Driver/stm32g0xx_hal_gpio.o
                0x0000000008008698                HAL_GPIO_Init
 .text.HAL_PWREx_ControlVoltageScaling
                0x0000000008008960       0x80 Drivers/STM32G0xx_HAL_Driver/stm32g0xx_hal_pwr_ex.o
                0x0000000008008960                HAL_PWREx_ControlVoltageScaling
 .text.HAL_RCC_OscConfig
                0x00000000080089e0      0x640 Drivers/STM32G0xx_HAL_Driver/stm32g0xx_hal_rcc.o
                0x00000000080089e0                HAL_RCC_OscConfig
 .text.HAL_RCC_ClockConfig
                0x0000000008009020      0x210 Drivers/STM32G0xx_HAL_Driver/stm32g0xx_hal_rcc.o
                0x0000000008009020                HAL_RCC_ClockConfig
 .text.HAL_RCC_GetSysClockFreq
                0x0000000008009230      0x104 Drivers/STM32G0xx_HAL_Driver/stm32g0xx_hal_rcc.o
                0x0000000008009230                HAL_RCC_GetSysClockFreq
 .text.HAL_RCCEx_PeriphCLKConfig
                0x0000000008009334      0x370 Drivers/STM32G0xx_HAL_Driver/stm32g0xx_hal_rcc_ex.o
                0x0000000008009334                HAL_RCCEx_PeriphCLKConfig
 .text.LL_DMA_ConfigTransfer
                0x00000000080096a4       0x4c Drivers/STM32G0xx_HAL_Driver/stm32g0xx_ll_dma.o
 .text.LL_DMA_SetDataLength
                0x00000000080096f0       0x44 Drivers/STM32G0xx_HAL_Driver/stm32g0xx_ll_dma.o
 .text.LL_DMA_SetMemoryAddress
                0x0000000008009734       0x30 Drivers/STM32G0xx_HAL_Driver/stm32g0xx_ll_dma.o
 .text.LL_DMA_SetPeriphAddress
                0x0000000008009764       0x30 Drivers/STM32G0xx_HAL_Driver/stm32g0xx_ll_dma.o
 .text.LL_DMA_SetPeriphRequest
                0x0000000008009794       0x58 Drivers/STM32G0xx_HAL_Driver/stm32g0xx_ll_dma.o
 .text.LL_DMA_Init
                0x00000000080097ec       0x80 Drivers/STM32G0xx_HAL_Driver/stm32g0xx_ll_dma.o
                0x00000000080097ec                LL_DMA_Init
 .text.LL_DMA_StructInit
                0x000000000800986c       0x52 Drivers/STM32G0xx_HAL_Driver/stm32g0xx_ll_dma.o
                0x000000000800986c                LL_DMA_StructInit
 .text.LL_GPIO_SetPinMode
                0x00000000080098be       0x38 Drivers/STM32G0xx_HAL_Driver/stm32g0xx_ll_gpio.o
 .text.LL_GPIO_SetPinOutputType
                0x00000000080098f6       0x2a Drivers/STM32G0xx_HAL_Driver/stm32g0xx_ll_gpio.o
 .text.LL_GPIO_SetPinSpeed
                0x0000000008009920       0x38 Drivers/STM32G0xx_HAL_Driver/stm32g0xx_ll_gpio.o
 .text.LL_GPIO_SetPinPull
                0x0000000008009958       0x38 Drivers/STM32G0xx_HAL_Driver/stm32g0xx_ll_gpio.o
 .text.LL_GPIO_SetAFPin_0_7
                0x0000000008009990       0x46 Drivers/STM32G0xx_HAL_Driver/stm32g0xx_ll_gpio.o
 .text.LL_GPIO_SetAFPin_8_15
                0x00000000080099d6       0x5a Drivers/STM32G0xx_HAL_Driver/stm32g0xx_ll_gpio.o
 .text.LL_GPIO_Init
                0x0000000008009a30       0xb6 Drivers/STM32G0xx_HAL_Driver/stm32g0xx_ll_gpio.o
                0x0000000008009a30                LL_GPIO_Init
 .text.LL_LPUART_IsEnabled
                0x0000000008009ae6       0x22 Drivers/STM32G0xx_HAL_Driver/stm32g0xx_ll_lpuart.o
 .text.LL_LPUART_SetPrescaler
                0x0000000008009b08       0x24 Drivers/STM32G0xx_HAL_Driver/stm32g0xx_ll_lpuart.o
 .text.LL_LPUART_SetStopBitsLength
                0x0000000008009b2c       0x28 Drivers/STM32G0xx_HAL_Driver/stm32g0xx_ll_lpuart.o
 .text.LL_LPUART_SetHWFlowCtrl
                0x0000000008009b54       0x28 Drivers/STM32G0xx_HAL_Driver/stm32g0xx_ll_lpuart.o
 .text.LL_LPUART_SetBaudRate
                0x0000000008009b7c       0x84 Drivers/STM32G0xx_HAL_Driver/stm32g0xx_ll_lpuart.o
 .text.LL_LPUART_Init
                0x0000000008009c00       0xac Drivers/STM32G0xx_HAL_Driver/stm32g0xx_ll_lpuart.o
                0x0000000008009c00                LL_LPUART_Init
 .text.LL_RCC_HSI_IsReady
                0x0000000008009cac       0x28 Drivers/STM32G0xx_HAL_Driver/stm32g0xx_ll_rcc.o
 .text.LL_RCC_LSE_IsReady
                0x0000000008009cd4       0x20 Drivers/STM32G0xx_HAL_Driver/stm32g0xx_ll_rcc.o
 .text.LL_RCC_GetSysClkSource
                0x0000000008009cf4       0x18 Drivers/STM32G0xx_HAL_Driver/stm32g0xx_ll_rcc.o
 .text.LL_RCC_GetAHBPrescaler
                0x0000000008009d0c       0x18 Drivers/STM32G0xx_HAL_Driver/stm32g0xx_ll_rcc.o
 .text.LL_RCC_GetAPB1Prescaler
                0x0000000008009d24       0x18 Drivers/STM32G0xx_HAL_Driver/stm32g0xx_ll_rcc.o
 .text.LL_RCC_GetLPUARTClockSource
                0x0000000008009d3c       0x24 Drivers/STM32G0xx_HAL_Driver/stm32g0xx_ll_rcc.o
 .text.LL_RCC_PLL_GetN
                0x0000000008009d60       0x18 Drivers/STM32G0xx_HAL_Driver/stm32g0xx_ll_rcc.o
 .text.LL_RCC_PLL_GetR
                0x0000000008009d78       0x18 Drivers/STM32G0xx_HAL_Driver/stm32g0xx_ll_rcc.o
 .text.LL_RCC_PLL_GetMainSource
                0x0000000008009d90       0x18 Drivers/STM32G0xx_HAL_Driver/stm32g0xx_ll_rcc.o
 .text.LL_RCC_PLL_GetDivider
                0x0000000008009da8       0x18 Drivers/STM32G0xx_HAL_Driver/stm32g0xx_ll_rcc.o
 .text.LL_RCC_GetLPUARTClockFreq
                0x0000000008009dc0       0xa0 Drivers/STM32G0xx_HAL_Driver/stm32g0xx_ll_rcc.o
                0x0000000008009dc0                LL_RCC_GetLPUARTClockFreq
 .text.RCC_GetSystemClockFreq
                0x0000000008009e60       0x5c Drivers/STM32G0xx_HAL_Driver/stm32g0xx_ll_rcc.o
                0x0000000008009e60                RCC_GetSystemClockFreq
 .text.RCC_GetHCLKClockFreq
                0x0000000008009ebc       0x30 Drivers/STM32G0xx_HAL_Driver/stm32g0xx_ll_rcc.o
                0x0000000008009ebc                RCC_GetHCLKClockFreq
 .text.RCC_GetPCLK1ClockFreq
                0x0000000008009eec       0x2c Drivers/STM32G0xx_HAL_Driver/stm32g0xx_ll_rcc.o
                0x0000000008009eec                RCC_GetPCLK1ClockFreq
 .text.RCC_PLL_GetFreqDomain_SYS
                0x0000000008009f18       0x74 Drivers/STM32G0xx_HAL_Driver/stm32g0xx_ll_rcc.o
                0x0000000008009f18                RCC_PLL_GetFreqDomain_SYS
 .text.LL_UCPD_Disable
                0x0000000008009f8c       0x1c Drivers/STM32G0xx_HAL_Driver/stm32g0xx_ll_ucpd.o
 .text.LL_APB1_GRP1_EnableClock
                0x0000000008009fa8       0x2c Drivers/STM32G0xx_HAL_Driver/stm32g0xx_ll_ucpd.o
 .text.LL_UCPD_Init
                0x0000000008009fd4       0x74 Drivers/STM32G0xx_HAL_Driver/stm32g0xx_ll_ucpd.o
                0x0000000008009fd4                LL_UCPD_Init
 .text.LL_UCPD_StructInit
                0x000000000800a048       0x2a Drivers/STM32G0xx_HAL_Driver/stm32g0xx_ll_ucpd.o
                0x000000000800a048                LL_UCPD_StructInit
 .text.makeFreeRtosPriority
                0x000000000800a072       0x32 Middlewares/FreeRTOS/cmsis_os.o
 .text.inHandlerMode
                0x000000000800a0a4       0x1c Middlewares/FreeRTOS/cmsis_os.o
 .text.osKernelStart
                0x000000000800a0c0       0x10 Middlewares/FreeRTOS/cmsis_os.o
                0x000000000800a0c0                osKernelStart
 .text.osThreadCreate
                0x000000000800a0d0       0x50 Middlewares/FreeRTOS/cmsis_os.o
                0x000000000800a0d0                osThreadCreate
 .text.osThreadTerminate
                0x000000000800a120       0x1a Middlewares/FreeRTOS/cmsis_os.o
                0x000000000800a120                osThreadTerminate
 .text.osDelay  0x000000000800a13a       0x28 Middlewares/FreeRTOS/cmsis_os.o
                0x000000000800a13a                osDelay
 .text.osMessageCreate
                0x000000000800a162       0x24 Middlewares/FreeRTOS/cmsis_os.o
                0x000000000800a162                osMessageCreate
 *fill*         0x000000000800a186        0x2 
 .text.osMessagePut
                0x000000000800a188       0x78 Middlewares/FreeRTOS/cmsis_os.o
                0x000000000800a188                osMessagePut
 .text.osMessageGet
                0x000000000800a200       0xe0 Middlewares/FreeRTOS/cmsis_os.o
                0x000000000800a200                osMessageGet
 .text.pvPortMalloc
                0x000000000800a2e0      0x158 Middlewares/FreeRTOS/heap_4.o
                0x000000000800a2e0                pvPortMalloc
 .text.vPortFree
                0x000000000800a438       0x9c Middlewares/FreeRTOS/heap_4.o
                0x000000000800a438                vPortFree
 .text.prvHeapInit
                0x000000000800a4d4       0xc0 Middlewares/FreeRTOS/heap_4.o
 .text.prvInsertBlockIntoFreeList
                0x000000000800a594       0xb0 Middlewares/FreeRTOS/heap_4.o
 .text.vListInitialise
                0x000000000800a644       0x3c Middlewares/FreeRTOS/list.o
                0x000000000800a644                vListInitialise
 .text.vListInitialiseItem
                0x000000000800a680       0x16 Middlewares/FreeRTOS/list.o
                0x000000000800a680                vListInitialiseItem
 .text.vListInsertEnd
                0x000000000800a696       0x44 Middlewares/FreeRTOS/list.o
                0x000000000800a696                vListInsertEnd
 .text.vListInsert
                0x000000000800a6da       0x6c Middlewares/FreeRTOS/list.o
                0x000000000800a6da                vListInsert
 .text.uxListRemove
                0x000000000800a746       0x50 Middlewares/FreeRTOS/list.o
                0x000000000800a746                uxListRemove
 *fill*         0x000000000800a796        0x2 
 .text.pxPortInitialiseStack
                0x000000000800a798       0x54 Middlewares/FreeRTOS/port.o
                0x000000000800a798                pxPortInitialiseStack
 .text.prvTaskExitError
                0x000000000800a7ec       0x30 Middlewares/FreeRTOS/port.o
 .text.SVC_Handler
                0x000000000800a81c        0xa Middlewares/FreeRTOS/port.o
                0x000000000800a81c                SVC_Handler
 *fill*         0x000000000800a826        0xa 
 .text.vPortStartFirstTask
                0x000000000800a830       0x38 Middlewares/FreeRTOS/port.o
 .text.xPortStartScheduler
                0x000000000800a868       0x48 Middlewares/FreeRTOS/port.o
                0x000000000800a868                xPortStartScheduler
 .text.vPortYield
                0x000000000800a8b0       0x20 Middlewares/FreeRTOS/port.o
                0x000000000800a8b0                vPortYield
 .text.vPortEnterCritical
                0x000000000800a8d0       0x24 Middlewares/FreeRTOS/port.o
                0x000000000800a8d0                vPortEnterCritical
 .text.vPortExitCritical
                0x000000000800a8f4       0x30 Middlewares/FreeRTOS/port.o
                0x000000000800a8f4                vPortExitCritical
 .text.ulSetInterruptMaskFromISR
                0x000000000800a924        0xc Middlewares/FreeRTOS/port.o
                0x000000000800a924                ulSetInterruptMaskFromISR
 .text.vClearInterruptMaskFromISR
                0x000000000800a930        0x8 Middlewares/FreeRTOS/port.o
                0x000000000800a930                vClearInterruptMaskFromISR
 *fill*         0x000000000800a938        0x8 
 .text.PendSV_Handler
                0x000000000800a940       0x48 Middlewares/FreeRTOS/port.o
                0x000000000800a940                PendSV_Handler
 .text.xPortSysTickHandler
                0x000000000800a988       0x34 Middlewares/FreeRTOS/port.o
                0x000000000800a988                xPortSysTickHandler
 .text.vPortSetupTimerInterrupt
                0x000000000800a9bc       0x44 Middlewares/FreeRTOS/port.o
                0x000000000800a9bc                vPortSetupTimerInterrupt
 .text.xQueueGenericReset
                0x000000000800aa00       0xa8 Middlewares/FreeRTOS/queue.o
                0x000000000800aa00                xQueueGenericReset
 .text.xQueueGenericCreate
                0x000000000800aaa8       0x5c Middlewares/FreeRTOS/queue.o
                0x000000000800aaa8                xQueueGenericCreate
 .text.prvInitialiseNewQueue
                0x000000000800ab04       0x44 Middlewares/FreeRTOS/queue.o
 .text.xQueueGenericSend
                0x000000000800ab48      0x188 Middlewares/FreeRTOS/queue.o
                0x000000000800ab48                xQueueGenericSend
 .text.xQueueGenericSendFromISR
                0x000000000800acd0       0xe8 Middlewares/FreeRTOS/queue.o
                0x000000000800acd0                xQueueGenericSendFromISR
 .text.xQueueReceive
                0x000000000800adb8      0x16a Middlewares/FreeRTOS/queue.o
                0x000000000800adb8                xQueueReceive
 .text.xQueueReceiveFromISR
                0x000000000800af22       0xc6 Middlewares/FreeRTOS/queue.o
                0x000000000800af22                xQueueReceiveFromISR
 .text.prvCopyDataToQueue
                0x000000000800afe8       0xd6 Middlewares/FreeRTOS/queue.o
 .text.prvCopyDataFromQueue
                0x000000000800b0be       0x4c Middlewares/FreeRTOS/queue.o
 .text.prvUnlockQueue
                0x000000000800b10a       0xbc Middlewares/FreeRTOS/queue.o
 .text.prvIsQueueEmpty
                0x000000000800b1c6       0x2c Middlewares/FreeRTOS/queue.o
 .text.prvIsQueueFull
                0x000000000800b1f2       0x30 Middlewares/FreeRTOS/queue.o
 .text.xTaskCreate
                0x000000000800b222       0x90 Middlewares/FreeRTOS/tasks.o
                0x000000000800b222                xTaskCreate
 *fill*         0x000000000800b2b2        0x2 
 .text.prvInitialiseNewTask
                0x000000000800b2b4      0x104 Middlewares/FreeRTOS/tasks.o
 .text.prvAddNewTaskToReadyList
                0x000000000800b3b8       0xc8 Middlewares/FreeRTOS/tasks.o
 .text.vTaskDelete
                0x000000000800b480       0xc8 Middlewares/FreeRTOS/tasks.o
                0x000000000800b480                vTaskDelete
 .text.vTaskDelay
                0x000000000800b548       0x4c Middlewares/FreeRTOS/tasks.o
                0x000000000800b548                vTaskDelay
 .text.vTaskStartScheduler
                0x000000000800b594       0x6c Middlewares/FreeRTOS/tasks.o
                0x000000000800b594                vTaskStartScheduler
 .text.vTaskSuspendAll
                0x000000000800b600       0x18 Middlewares/FreeRTOS/tasks.o
                0x000000000800b600                vTaskSuspendAll
 .text.xTaskResumeAll
                0x000000000800b618      0x118 Middlewares/FreeRTOS/tasks.o
                0x000000000800b618                xTaskResumeAll
 .text.xTaskIncrementTick
                0x000000000800b730      0x160 Middlewares/FreeRTOS/tasks.o
                0x000000000800b730                xTaskIncrementTick
 .text.vTaskSwitchContext
                0x000000000800b890       0xa4 Middlewares/FreeRTOS/tasks.o
                0x000000000800b890                vTaskSwitchContext
 .text.vTaskPlaceOnEventList
                0x000000000800b934       0x3c Middlewares/FreeRTOS/tasks.o
                0x000000000800b934                vTaskPlaceOnEventList
 .text.xTaskRemoveFromEventList
                0x000000000800b970       0xb8 Middlewares/FreeRTOS/tasks.o
                0x000000000800b970                xTaskRemoveFromEventList
 .text.vTaskInternalSetTimeOutState
                0x000000000800ba28       0x28 Middlewares/FreeRTOS/tasks.o
                0x000000000800ba28                vTaskInternalSetTimeOutState
 .text.xTaskCheckForTimeOut
                0x000000000800ba50       0xa0 Middlewares/FreeRTOS/tasks.o
                0x000000000800ba50                xTaskCheckForTimeOut
 .text.vTaskMissedYield
                0x000000000800baf0       0x14 Middlewares/FreeRTOS/tasks.o
                0x000000000800baf0                vTaskMissedYield
 .text.prvIdleTask
                0x000000000800bb04       0x20 Middlewares/FreeRTOS/tasks.o
 .text.prvInitialiseTaskLists
                0x000000000800bb24       0x88 Middlewares/FreeRTOS/tasks.o
 .text.prvCheckTasksWaitingTermination
                0x000000000800bbac       0x5c Middlewares/FreeRTOS/tasks.o
 .text.prvDeleteTCB
                0x000000000800bc08       0x22 Middlewares/FreeRTOS/tasks.o
 *fill*         0x000000000800bc2a        0x2 
 .text.prvResetNextTaskUnblockTime
                0x000000000800bc2c       0x3c Middlewares/FreeRTOS/tasks.o
 .text.xTaskGetSchedulerState
                0x000000000800bc68       0x38 Middlewares/FreeRTOS/tasks.o
                0x000000000800bc68                xTaskGetSchedulerState
 .text.xTaskPriorityDisinherit
                0x000000000800bca0       0xb8 Middlewares/FreeRTOS/tasks.o
                0x000000000800bca0                xTaskPriorityDisinherit
 .text.prvAddCurrentTaskToDelayedList
                0x000000000800bd58       0xa8 Middlewares/FreeRTOS/tasks.o
 .text.__NVIC_EnableIRQ
                0x000000000800be00       0x34 Middlewares/USBPD/usbpd_cad_hw_if.o
 .text.__NVIC_SetPriority
                0x000000000800be34       0xdc Middlewares/USBPD/usbpd_cad_hw_if.o
 .text.LL_UCPD_Enable
                0x000000000800bf10       0x1e Middlewares/USBPD/usbpd_cad_hw_if.o
 *fill*         0x000000000800bf2e        0x2 
 .text.LL_UCPD_SetRxOrderSet
                0x000000000800bf30       0x28 Middlewares/USBPD/usbpd_cad_hw_if.o
 .text.LL_UCPD_SetccEnable
                0x000000000800bf58       0x28 Middlewares/USBPD/usbpd_cad_hw_if.o
 .text.LL_UCPD_EnableIT_TypeCEventCC2
                0x000000000800bf80       0x1e Middlewares/USBPD/usbpd_cad_hw_if.o
 .text.LL_UCPD_EnableIT_TypeCEventCC1
                0x000000000800bf9e       0x1e Middlewares/USBPD/usbpd_cad_hw_if.o
 .text.CAD_Init
                0x000000000800bfbc      0x1c4 Middlewares/USBPD/usbpd_cad_hw_if.o
                0x000000000800bfbc                CAD_Init
 .text.CAD_Enter_ErrorRecovery
                0x000000000800c180       0x54 Middlewares/USBPD/usbpd_cad_hw_if.o
                0x000000000800c180                CAD_Enter_ErrorRecovery
 .text.CAD_SRC_Set_ResistorRp
                0x000000000800c1d4       0x80 Middlewares/USBPD/usbpd_cad_hw_if.o
                0x000000000800c1d4                CAD_SRC_Set_ResistorRp
 .text.CAD_Set_ResistorRp
                0x000000000800c254       0x26 Middlewares/USBPD/usbpd_cad_hw_if.o
                0x000000000800c254                CAD_Set_ResistorRp
 *fill*         0x000000000800c27a        0x2 
 .text.CAD_StateMachine_SNK
                0x000000000800c27c       0x90 Middlewares/USBPD/usbpd_cad_hw_if.o
 .text.CAD_StateMachine
                0x000000000800c30c      0x210 Middlewares/USBPD/usbpd_cad_hw_if.o
                0x000000000800c30c                CAD_StateMachine
 .text.CAD_Check_HW_SNK
                0x000000000800c51c      0x138 Middlewares/USBPD/usbpd_cad_hw_if.o
 .text.ManageStateDetached_SNK
                0x000000000800c654       0xa4 Middlewares/USBPD/usbpd_cad_hw_if.o
 .text.ManageStateAttachedWait_SNK
                0x000000000800c6f8      0x11c Middlewares/USBPD/usbpd_cad_hw_if.o
 .text.ManageStateAttached_SNK
                0x000000000800c814       0xe4 Middlewares/USBPD/usbpd_cad_hw_if.o
 .text.LL_AHB1_GRP1_EnableClock
                0x000000000800c8f8       0x2c Middlewares/USBPD/usbpd_hw.o
 .text.USBPD_HW_GetUSPDInstance
                0x000000000800c924       0x1c Middlewares/USBPD/usbpd_hw.o
                0x000000000800c924                USBPD_HW_GetUSPDInstance
 .text.USBPD_HW_Init_DMARxInstance
                0x000000000800c940       0x8c Middlewares/USBPD/usbpd_hw.o
                0x000000000800c940                USBPD_HW_Init_DMARxInstance
 .text.USBPD_HW_DeInit_DMARxInstance
                0x000000000800c9cc       0x14 Middlewares/USBPD/usbpd_hw.o
                0x000000000800c9cc                USBPD_HW_DeInit_DMARxInstance
 .text.USBPD_HW_Init_DMATxInstance
                0x000000000800c9e0       0x8c Middlewares/USBPD/usbpd_hw.o
                0x000000000800c9e0                USBPD_HW_Init_DMATxInstance
 .text.USBPD_HW_DeInit_DMATxInstance
                0x000000000800ca6c       0x14 Middlewares/USBPD/usbpd_hw.o
                0x000000000800ca6c                USBPD_HW_DeInit_DMATxInstance
 .text.USBPD_HW_SetFRSSignalling
                0x000000000800ca80       0x1c Middlewares/USBPD/usbpd_hw.o
                0x000000000800ca80                USBPD_HW_SetFRSSignalling
 .text.LL_UCPD_ClearFlag_FRS
                0x000000000800ca9c       0x1e Middlewares/USBPD/usbpd_hw_if_it.o
 .text.LL_UCPD_ClearFlag_TypeCEventCC2
                0x000000000800caba       0x1e Middlewares/USBPD/usbpd_hw_if_it.o
 .text.LL_UCPD_ClearFlag_TypeCEventCC1
                0x000000000800cad8       0x1e Middlewares/USBPD/usbpd_hw_if_it.o
 .text.LL_UCPD_ClearFlag_RxMsgEnd
                0x000000000800caf6       0x1e Middlewares/USBPD/usbpd_hw_if_it.o
 .text.LL_UCPD_ClearFlag_RxOvr
                0x000000000800cb14       0x1e Middlewares/USBPD/usbpd_hw_if_it.o
 .text.LL_UCPD_ClearFlag_RxHRST
                0x000000000800cb32       0x1e Middlewares/USBPD/usbpd_hw_if_it.o
 .text.LL_UCPD_ClearFlag_RxOrderSet
                0x000000000800cb50       0x1e Middlewares/USBPD/usbpd_hw_if_it.o
 .text.LL_UCPD_ClearFlag_TxUND
                0x000000000800cb6e       0x1c Middlewares/USBPD/usbpd_hw_if_it.o
 .text.LL_UCPD_ClearFlag_TxHRSTSENT
                0x000000000800cb8a       0x1c Middlewares/USBPD/usbpd_hw_if_it.o
 .text.LL_UCPD_ClearFlag_TxHRSTDISC
                0x000000000800cba6       0x1c Middlewares/USBPD/usbpd_hw_if_it.o
 .text.LL_UCPD_ClearFlag_TxMSGABT
                0x000000000800cbc2       0x1c Middlewares/USBPD/usbpd_hw_if_it.o
 .text.LL_UCPD_ClearFlag_TxMSGSENT
                0x000000000800cbde       0x1c Middlewares/USBPD/usbpd_hw_if_it.o
 .text.LL_UCPD_ClearFlag_TxMSGDISC
                0x000000000800cbfa       0x1c Middlewares/USBPD/usbpd_hw_if_it.o
 .text.USBPD_PORT0_IRQHandler
                0x000000000800cc16       0x10 Middlewares/USBPD/usbpd_hw_if_it.o
                0x000000000800cc16                USBPD_PORT0_IRQHandler
 *fill*         0x000000000800cc26        0x2 
 .text.PORTx_IRQHandler
                0x000000000800cc28      0x3ac Middlewares/USBPD/usbpd_hw_if_it.o
                0x000000000800cc28                PORTx_IRQHandler
 .text.USBPD_PHY_Init
                0x000000000800cfd4       0xec Middlewares/USBPD/usbpd_phy.o
                0x000000000800cfd4                USBPD_PHY_Init
 .text.USBPD_PHY_GetRetryTimerValue
                0x000000000800d0c0       0x1c Middlewares/USBPD/usbpd_phy.o
                0x000000000800d0c0                USBPD_PHY_GetRetryTimerValue
 .text.USBPD_PHY_GetMinGOODCRCTimerValue
                0x000000000800d0dc       0x16 Middlewares/USBPD/usbpd_phy.o
                0x000000000800d0dc                USBPD_PHY_GetMinGOODCRCTimerValue
 .text.USBPD_PHY_Reset
                0x000000000800d0f2       0x14 Middlewares/USBPD/usbpd_phy.o
                0x000000000800d0f2                USBPD_PHY_Reset
 .text.USBPD_PHY_ResetRequest
                0x000000000800d106       0x2c Middlewares/USBPD/usbpd_phy.o
                0x000000000800d106                USBPD_PHY_ResetRequest
 .text.USBPD_PHY_SendMessage
                0x000000000800d132       0x3e Middlewares/USBPD/usbpd_phy.o
                0x000000000800d132                USBPD_PHY_SendMessage
 .text.USBPD_PHY_Send_BIST_Pattern
                0x000000000800d170       0x20 Middlewares/USBPD/usbpd_phy.o
                0x000000000800d170                USBPD_PHY_Send_BIST_Pattern
 .text.USBPD_PHY_ExitTransmit
                0x000000000800d190       0x2e Middlewares/USBPD/usbpd_phy.o
                0x000000000800d190                USBPD_PHY_ExitTransmit
 .text.USBPD_PHY_SetResistor_SinkTxNG
                0x000000000800d1be       0x1e Middlewares/USBPD/usbpd_phy.o
                0x000000000800d1be                USBPD_PHY_SetResistor_SinkTxNG
 .text.USBPD_PHY_SetResistor_SinkTxOK
                0x000000000800d1dc       0x1e Middlewares/USBPD/usbpd_phy.o
                0x000000000800d1dc                USBPD_PHY_SetResistor_SinkTxOK
 *fill*         0x000000000800d1fa        0x2 
 .text.USBPD_PHY_SOPSupported
                0x000000000800d1fc       0x2c Middlewares/USBPD/usbpd_phy.o
                0x000000000800d1fc                USBPD_PHY_SOPSupported
 .text.USBPD_PHY_IsResistor_SinkTxOk
                0x000000000800d228       0x20 Middlewares/USBPD/usbpd_phy.o
                0x000000000800d228                USBPD_PHY_IsResistor_SinkTxOk
 .text.USBPD_PHY_FastRoleSwapSignalling
                0x000000000800d248       0x1e Middlewares/USBPD/usbpd_phy.o
                0x000000000800d248                USBPD_PHY_FastRoleSwapSignalling
 .text.USBPD_PHY_EnableRX
                0x000000000800d266       0x1e Middlewares/USBPD/usbpd_phy.o
                0x000000000800d266                USBPD_PHY_EnableRX
 .text.USBPD_PHY_DisableRX
                0x000000000800d284       0x1e Middlewares/USBPD/usbpd_phy.o
                0x000000000800d284                USBPD_PHY_DisableRX
 *fill*         0x000000000800d2a2        0x2 
 .text.PHY_Rx_Completed
                0x000000000800d2a4       0xd8 Middlewares/USBPD/usbpd_phy.o
                0x000000000800d2a4                PHY_Rx_Completed
 .text.LL_AHB1_GRP1_EnableClock
                0x000000000800d37c       0x2c Middlewares/USBPD/usbpd_phy_hw_if.o
 .text.LL_APB1_GRP1_EnableClock
                0x000000000800d3a8       0x2c Middlewares/USBPD/usbpd_phy_hw_if.o
 .text.LL_APB2_GRP1_EnableClock
                0x000000000800d3d4       0x2c Middlewares/USBPD/usbpd_phy_hw_if.o
 .text.LL_UCPD_Enable
                0x000000000800d400       0x1e Middlewares/USBPD/usbpd_phy_hw_if.o
 .text.LL_UCPD_Disable
                0x000000000800d41e       0x1c Middlewares/USBPD/usbpd_phy_hw_if.o
 *fill*         0x000000000800d43a        0x2 
 .text.LL_UCPD_TypeCDetectionCC2Enable
                0x000000000800d43c       0x20 Middlewares/USBPD/usbpd_phy_hw_if.o
 .text.LL_UCPD_TypeCDetectionCC2Disable
                0x000000000800d45c       0x1e Middlewares/USBPD/usbpd_phy_hw_if.o
 *fill*         0x000000000800d47a        0x2 
 .text.LL_UCPD_TypeCDetectionCC1Enable
                0x000000000800d47c       0x20 Middlewares/USBPD/usbpd_phy_hw_if.o
 .text.LL_UCPD_TypeCDetectionCC1Disable
                0x000000000800d49c       0x1e Middlewares/USBPD/usbpd_phy_hw_if.o
 .text.LL_UCPD_SignalFRSTX
                0x000000000800d4ba       0x1e Middlewares/USBPD/usbpd_phy_hw_if.o
 .text.LL_UCPD_FRSDetectionEnable
                0x000000000800d4d8       0x1e Middlewares/USBPD/usbpd_phy_hw_if.o
 *fill*         0x000000000800d4f6        0x2 
 .text.LL_UCPD_SetccEnable
                0x000000000800d4f8       0x28 Middlewares/USBPD/usbpd_phy_hw_if.o
 .text.LL_UCPD_SetSNKRole
                0x000000000800d520       0x1e Middlewares/USBPD/usbpd_phy_hw_if.o
 *fill*         0x000000000800d53e        0x2 
 .text.LL_UCPD_SetSRCRole
                0x000000000800d540       0x20 Middlewares/USBPD/usbpd_phy_hw_if.o
 .text.LL_UCPD_SetRpResistor
                0x000000000800d560       0x28 Middlewares/USBPD/usbpd_phy_hw_if.o
 .text.LL_UCPD_SetCCPin
                0x000000000800d588       0x24 Middlewares/USBPD/usbpd_phy_hw_if.o
 .text.LL_UCPD_RxEnable
                0x000000000800d5ac       0x1c Middlewares/USBPD/usbpd_phy_hw_if.o
 .text.LL_UCPD_RxDisable
                0x000000000800d5c8       0x1e Middlewares/USBPD/usbpd_phy_hw_if.o
 .text.LL_UCPD_SetRxMode
                0x000000000800d5e6       0x24 Middlewares/USBPD/usbpd_phy_hw_if.o
 .text.LL_UCPD_SendHardReset
                0x000000000800d60a       0x1c Middlewares/USBPD/usbpd_phy_hw_if.o
 .text.LL_UCPD_SendMessage
                0x000000000800d626       0x1c Middlewares/USBPD/usbpd_phy_hw_if.o
 .text.LL_UCPD_SetTxMode
                0x000000000800d642       0x24 Middlewares/USBPD/usbpd_phy_hw_if.o
 .text.LL_UCPD_RxDMAEnable
                0x000000000800d666       0x1e Middlewares/USBPD/usbpd_phy_hw_if.o
 .text.LL_UCPD_RxDMADisable
                0x000000000800d684       0x20 Middlewares/USBPD/usbpd_phy_hw_if.o
 .text.LL_UCPD_TxDMAEnable
                0x000000000800d6a4       0x1e Middlewares/USBPD/usbpd_phy_hw_if.o
 *fill*         0x000000000800d6c2        0x2 
 .text.LL_UCPD_TxDMADisable
                0x000000000800d6c4       0x20 Middlewares/USBPD/usbpd_phy_hw_if.o
 .text.LL_UCPD_WriteTxOrderSet
                0x000000000800d6e4       0x18 Middlewares/USBPD/usbpd_phy_hw_if.o
 .text.LL_UCPD_WriteTxPaySize
                0x000000000800d6fc       0x18 Middlewares/USBPD/usbpd_phy_hw_if.o
 .text.USBPD_HW_IF_GlobalHwInit
                0x000000000800d714       0x1e Middlewares/USBPD/usbpd_phy_hw_if.o
                0x000000000800d714                USBPD_HW_IF_GlobalHwInit
 *fill*         0x000000000800d732        0x2 
 .text.USBPD_HW_IF_StopBISTMode2
                0x000000000800d734       0x70 Middlewares/USBPD/usbpd_phy_hw_if.o
                0x000000000800d734                USBPD_HW_IF_StopBISTMode2
 .text.USBPD_HW_IF_SendBuffer
                0x000000000800d7a4      0x1f8 Middlewares/USBPD/usbpd_phy_hw_if.o
                0x000000000800d7a4                USBPD_HW_IF_SendBuffer
 .text.USBPD_HW_IF_Send_BIST_Pattern
                0x000000000800d99c       0x48 Middlewares/USBPD/usbpd_phy_hw_if.o
                0x000000000800d99c                USBPD_HW_IF_Send_BIST_Pattern
 .text.USBPDM1_AssertRp
                0x000000000800d9e4      0x170 Middlewares/USBPD/usbpd_phy_hw_if.o
                0x000000000800d9e4                USBPDM1_AssertRp
 .text.USBPDM1_DeAssertRp
                0x000000000800db54       0x14 Middlewares/USBPD/usbpd_phy_hw_if.o
                0x000000000800db54                USBPDM1_DeAssertRp
 .text.USBPDM1_AssertRd
                0x000000000800db68      0x14c Middlewares/USBPD/usbpd_phy_hw_if.o
                0x000000000800db68                USBPDM1_AssertRd
 .text.USBPDM1_DeAssertRd
                0x000000000800dcb4       0x14 Middlewares/USBPD/usbpd_phy_hw_if.o
                0x000000000800dcb4                USBPDM1_DeAssertRd
 .text.USBPDM1_EnterErrorRecovery
                0x000000000800dcc8       0xac Middlewares/USBPD/usbpd_phy_hw_if.o
                0x000000000800dcc8                USBPDM1_EnterErrorRecovery
 .text.USBPD_HW_IF_EnableRX
                0x000000000800dd74       0x30 Middlewares/USBPD/usbpd_phy_hw_if.o
                0x000000000800dd74                USBPD_HW_IF_EnableRX
 .text.USBPD_HW_IF_DisableRX
                0x000000000800dda4       0x30 Middlewares/USBPD/usbpd_phy_hw_if.o
                0x000000000800dda4                USBPD_HW_IF_DisableRX
 .text.HW_SignalAttachement
                0x000000000800ddd4      0x2c4 Middlewares/USBPD/usbpd_phy_hw_if.o
                0x000000000800ddd4                HW_SignalAttachement
 .text.HW_SignalDetachment
                0x000000000800e098       0xe4 Middlewares/USBPD/usbpd_phy_hw_if.o
                0x000000000800e098                HW_SignalDetachment
 .text.USBPD_HW_IF_SetResistor_SinkTxNG
                0x000000000800e17c       0x34 Middlewares/USBPD/usbpd_phy_hw_if.o
                0x000000000800e17c                USBPD_HW_IF_SetResistor_SinkTxNG
 .text.USBPD_HW_IF_SetResistor_SinkTxOK
                0x000000000800e1b0       0x34 Middlewares/USBPD/usbpd_phy_hw_if.o
                0x000000000800e1b0                USBPD_HW_IF_SetResistor_SinkTxOK
 .text.USBPD_HW_IF_IsResistor_SinkTxOk
                0x000000000800e1e4       0x88 Middlewares/USBPD/usbpd_phy_hw_if.o
                0x000000000800e1e4                USBPD_HW_IF_IsResistor_SinkTxOk
 .text.USBPD_HW_IF_FastRoleSwapSignalling
                0x000000000800e26c       0x30 Middlewares/USBPD/usbpd_phy_hw_if.o
                0x000000000800e26c                USBPD_HW_IF_FastRoleSwapSignalling
 .text.HW_IF_PWR_GetVoltage
                0x000000000800e29c       0x28 Middlewares/USBPD/usbpd_pwr_hw_if.o
                0x000000000800e29c                HW_IF_PWR_GetVoltage
 .text.HW_IF_PWR_GetCurrent
                0x000000000800e2c4       0x28 Middlewares/USBPD/usbpd_pwr_hw_if.o
                0x000000000800e2c4                HW_IF_PWR_GetCurrent
 .text.LL_APB2_GRP1_EnableClock
                0x000000000800e2ec       0x2c Middlewares/USBPD/usbpd_timersserver.o
 .text.LL_APB2_GRP1_DisableClock
                0x000000000800e318       0x24 Middlewares/USBPD/usbpd_timersserver.o
 .text.LL_TIM_EnableCounter
                0x000000000800e33c       0x1c Middlewares/USBPD/usbpd_timersserver.o
 .text.LL_TIM_SetCounterMode
                0x000000000800e358       0x24 Middlewares/USBPD/usbpd_timersserver.o
 .text.LL_TIM_SetPrescaler
                0x000000000800e37c       0x18 Middlewares/USBPD/usbpd_timersserver.o
 .text.LL_TIM_GetPrescaler
                0x000000000800e394       0x14 Middlewares/USBPD/usbpd_timersserver.o
 .text.LL_TIM_SetAutoReload
                0x000000000800e3a8       0x18 Middlewares/USBPD/usbpd_timersserver.o
 .text.LL_TIM_OC_SetMode
                0x000000000800e3c0       0xc4 Middlewares/USBPD/usbpd_timersserver.o
 .text.LL_TIM_OC_SetPolarity
                0x000000000800e484       0xac Middlewares/USBPD/usbpd_timersserver.o
 .text.LL_TIM_OC_SetCompareCH1
                0x000000000800e530       0x18 Middlewares/USBPD/usbpd_timersserver.o
 .text.LL_TIM_OC_SetCompareCH2
                0x000000000800e548       0x18 Middlewares/USBPD/usbpd_timersserver.o
 .text.LL_TIM_OC_SetCompareCH3
                0x000000000800e560       0x18 Middlewares/USBPD/usbpd_timersserver.o
 .text.LL_TIM_OC_SetCompareCH4
                0x000000000800e578       0x18 Middlewares/USBPD/usbpd_timersserver.o
 .text.LL_TIM_ClearFlag_CC1
                0x000000000800e590       0x18 Middlewares/USBPD/usbpd_timersserver.o
 .text.LL_TIM_IsActiveFlag_CC1
                0x000000000800e5a8       0x22 Middlewares/USBPD/usbpd_timersserver.o
 .text.LL_TIM_ClearFlag_CC2
                0x000000000800e5ca       0x18 Middlewares/USBPD/usbpd_timersserver.o
 .text.LL_TIM_IsActiveFlag_CC2
                0x000000000800e5e2       0x22 Middlewares/USBPD/usbpd_timersserver.o
 .text.LL_TIM_ClearFlag_CC3
                0x000000000800e604       0x18 Middlewares/USBPD/usbpd_timersserver.o
 .text.LL_TIM_IsActiveFlag_CC3
                0x000000000800e61c       0x22 Middlewares/USBPD/usbpd_timersserver.o
 .text.LL_TIM_ClearFlag_CC4
                0x000000000800e63e       0x18 Middlewares/USBPD/usbpd_timersserver.o
 .text.LL_TIM_IsActiveFlag_CC4
                0x000000000800e656       0x22 Middlewares/USBPD/usbpd_timersserver.o
 .text.USBPD_TIM_Init
                0x000000000800e678      0x134 Middlewares/USBPD/usbpd_timersserver.o
                0x000000000800e678                USBPD_TIM_Init
 .text.USBPD_TIM_DeInit
                0x000000000800e7ac       0x34 Middlewares/USBPD/usbpd_timersserver.o
                0x000000000800e7ac                USBPD_TIM_DeInit
 .text.USBPD_TIM_Start
                0x000000000800e7e0       0xdc Middlewares/USBPD/usbpd_timersserver.o
                0x000000000800e7e0                USBPD_TIM_Start
 .text.USBPD_TIM_IsExpired
                0x000000000800e8bc       0x74 Middlewares/USBPD/usbpd_timersserver.o
                0x000000000800e8bc                USBPD_TIM_IsExpired
 .text.USBPD_TRACE_Init
                0x000000000800e930       0x2c Middlewares/USBPD/usbpd_trace.o
                0x000000000800e930                USBPD_TRACE_Init
 .text.USBPD_TRACE_Add
                0x000000000800e95c      0x1ec Middlewares/USBPD/usbpd_trace.o
                0x000000000800e95c                USBPD_TRACE_Add
 .text.MX_USBPD_Init
                0x000000000800eb48       0x4c USBPD/App/usbpd.o
                0x000000000800eb48                MX_USBPD_Init
 .text.BSP_GetBoardName
                0x000000000800eb94       0x10 USBPD/App/usbpd.o
                0x000000000800eb94                BSP_GetBoardName
 .text.BSP_GetBoardID
                0x000000000800eba4       0x10 USBPD/App/usbpd.o
                0x000000000800eba4                BSP_GetBoardID
 .text.USBPD_DPM_InitCore
                0x000000000800ebb4      0x1ac USBPD/usbpd_dpm_core.o
                0x000000000800ebb4                USBPD_DPM_InitCore
 .text.USBPD_DPM_InitOS
                0x000000000800ed60       0x5c USBPD/usbpd_dpm_core.o
                0x000000000800ed60                USBPD_DPM_InitOS
 .text.USBPD_DPM_TimerCounter
                0x000000000800edbc       0x30 USBPD/usbpd_dpm_core.o
                0x000000000800edbc                USBPD_DPM_TimerCounter
 .text.USBPD_PE_TaskWakeUp
                0x000000000800edec       0x30 USBPD/usbpd_dpm_core.o
 .text.USBPD_DPM_CADTaskWakeUp
                0x000000000800ee1c       0x20 USBPD/usbpd_dpm_core.o
 .text.USBPD_PE_Task
                0x000000000800ee3c       0x3c USBPD/usbpd_dpm_core.o
                0x000000000800ee3c                USBPD_PE_Task
 .text.USBPD_CAD_Task
                0x000000000800ee78       0x24 USBPD/usbpd_dpm_core.o
                0x000000000800ee78                USBPD_CAD_Task
 .text.USBPD_DPM_CADCallback
                0x000000000800ee9c       0xf4 USBPD/usbpd_dpm_core.o
                0x000000000800ee9c                USBPD_DPM_CADCallback
 .text.DPM_ManageAttachedState
                0x000000000800ef90       0xb0 USBPD/usbpd_dpm_core.o
 .text.USBPD_DPM_UserInit
                0x000000000800f040        0xc USBPD/usbpd_dpm_user.o
                0x000000000800f040                USBPD_DPM_UserInit
 .text.USBPD_DPM_SetNotification_GUI
                0x000000000800f04c       0x34 USBPD/usbpd_dpm_user.o
                0x000000000800f04c                USBPD_DPM_SetNotification_GUI
 .text.USBPD_DPM_UserCableDetection
                0x000000000800f080       0xb4 USBPD/usbpd_dpm_user.o
                0x000000000800f080                USBPD_DPM_UserCableDetection
 .text.USBPD_DPM_UserTimerCounter
                0x000000000800f134       0x14 USBPD/usbpd_dpm_user.o
                0x000000000800f134                USBPD_DPM_UserTimerCounter
 .text.USBPD_DPM_HardReset
                0x000000000800f148       0x74 USBPD/usbpd_dpm_user.o
                0x000000000800f148                USBPD_DPM_HardReset
 .text.USBPD_DPM_Notification
                0x000000000800f1bc       0x38 USBPD/usbpd_dpm_user.o
                0x000000000800f1bc                USBPD_DPM_Notification
 .text.USBPD_DPM_GetDataInfo
                0x000000000800f1f4       0xa8 USBPD/usbpd_dpm_user.o
                0x000000000800f1f4                USBPD_DPM_GetDataInfo
 .text.USBPD_DPM_SetDataInfo
                0x000000000800f29c       0xa0 USBPD/usbpd_dpm_user.o
                0x000000000800f29c                USBPD_DPM_SetDataInfo
 .text.USBPD_DPM_SNK_EvaluateCapabilities
                0x000000000800f33c       0x6c USBPD/usbpd_dpm_user.o
                0x000000000800f33c                USBPD_DPM_SNK_EvaluateCapabilities
 .text.USBPD_DPM_ExtendedMessageReceived
                0x000000000800f3a8       0x28 USBPD/usbpd_dpm_user.o
                0x000000000800f3a8                USBPD_DPM_ExtendedMessageReceived
 .text.USBPD_DPM_EnterErrorRecovery
                0x000000000800f3d0       0x1e USBPD/usbpd_dpm_user.o
                0x000000000800f3d0                USBPD_DPM_EnterErrorRecovery
 *fill*         0x000000000800f3ee        0x2 
 .text.USBPD_DPM_EvaluateDataRoleSwap
                0x000000000800f3f0       0xd4 USBPD/usbpd_dpm_user.o
                0x000000000800f3f0                USBPD_DPM_EvaluateDataRoleSwap
 .text.USBPD_DPM_IsPowerReady
                0x000000000800f4c4       0x32 USBPD/usbpd_dpm_user.o
                0x000000000800f4c4                USBPD_DPM_IsPowerReady
 *fill*         0x000000000800f4f6        0x2 
 .text.USBPD_DPM_RequestHardReset
                0x000000000800f4f8       0x88 USBPD/usbpd_dpm_user.o
                0x000000000800f4f8                USBPD_DPM_RequestHardReset
 .text.USBPD_DPM_RequestCableReset
                0x000000000800f580       0x88 USBPD/usbpd_dpm_user.o
                0x000000000800f580                USBPD_DPM_RequestCableReset
 .text.USBPD_DPM_RequestGotoMin
                0x000000000800f608       0x8c USBPD/usbpd_dpm_user.o
                0x000000000800f608                USBPD_DPM_RequestGotoMin
 .text.USBPD_DPM_RequestPing
                0x000000000800f694       0x8c USBPD/usbpd_dpm_user.o
                0x000000000800f694                USBPD_DPM_RequestPing
 .text.USBPD_DPM_RequestMessageRequest
                0x000000000800f720       0xe8 USBPD/usbpd_dpm_user.o
                0x000000000800f720                USBPD_DPM_RequestMessageRequest
 .text.USBPD_DPM_RequestGetSourceCapability
                0x000000000800f808       0x8c USBPD/usbpd_dpm_user.o
                0x000000000800f808                USBPD_DPM_RequestGetSourceCapability
 .text.USBPD_DPM_RequestGetSinkCapability
                0x000000000800f894       0x8c USBPD/usbpd_dpm_user.o
                0x000000000800f894                USBPD_DPM_RequestGetSinkCapability
 .text.USBPD_DPM_RequestDataRoleSwap
                0x000000000800f920       0x8c USBPD/usbpd_dpm_user.o
                0x000000000800f920                USBPD_DPM_RequestDataRoleSwap
 .text.USBPD_DPM_RequestPowerRoleSwap
                0x000000000800f9ac       0x6c USBPD/usbpd_dpm_user.o
                0x000000000800f9ac                USBPD_DPM_RequestPowerRoleSwap
 .text.USBPD_DPM_RequestVconnSwap
                0x000000000800fa18       0x8c USBPD/usbpd_dpm_user.o
                0x000000000800fa18                USBPD_DPM_RequestVconnSwap
 .text.USBPD_DPM_RequestSoftReset
                0x000000000800faa4       0x94 USBPD/usbpd_dpm_user.o
                0x000000000800faa4                USBPD_DPM_RequestSoftReset
 .text.USBPD_DPM_RequestSourceCapability
                0x000000000800fb38       0x8c USBPD/usbpd_dpm_user.o
                0x000000000800fb38                USBPD_DPM_RequestSourceCapability
 .text.USBPD_DPM_RequestAlert
                0x000000000800fbc4       0x90 USBPD/usbpd_dpm_user.o
                0x000000000800fbc4                USBPD_DPM_RequestAlert
 .text.USBPD_DPM_RequestGetSourceCapabilityExt
                0x000000000800fc54       0x8c USBPD/usbpd_dpm_user.o
                0x000000000800fc54                USBPD_DPM_RequestGetSourceCapabilityExt
 .text.USBPD_DPM_RequestGetSinkCapabilityExt
                0x000000000800fce0       0x8c USBPD/usbpd_dpm_user.o
                0x000000000800fce0                USBPD_DPM_RequestGetSinkCapabilityExt
 .text.USBPD_DPM_RequestGetManufacturerInfo
                0x000000000800fd6c       0xac USBPD/usbpd_dpm_user.o
                0x000000000800fd6c                USBPD_DPM_RequestGetManufacturerInfo
 .text.USBPD_DPM_RequestGetPPS_Status
                0x000000000800fe18       0x8c USBPD/usbpd_dpm_user.o
                0x000000000800fe18                USBPD_DPM_RequestGetPPS_Status
 .text.USBPD_DPM_RequestGetStatus
                0x000000000800fea4       0x8c USBPD/usbpd_dpm_user.o
                0x000000000800fea4                USBPD_DPM_RequestGetStatus
 .text.USBPD_DPM_RequestFastRoleSwap
                0x000000000800ff30       0x8c USBPD/usbpd_dpm_user.o
                0x000000000800ff30                USBPD_DPM_RequestFastRoleSwap
 .text.USBPD_DPM_RequestGetCountryCodes
                0x000000000800ffbc       0x8c USBPD/usbpd_dpm_user.o
                0x000000000800ffbc                USBPD_DPM_RequestGetCountryCodes
 .text.USBPD_DPM_RequestGetCountryInfo
                0x0000000008010048       0x94 USBPD/usbpd_dpm_user.o
                0x0000000008010048                USBPD_DPM_RequestGetCountryInfo
 .text.USBPD_DPM_RequestGetBatteryCapability
                0x00000000080100dc       0x94 USBPD/usbpd_dpm_user.o
                0x00000000080100dc                USBPD_DPM_RequestGetBatteryCapability
 .text.USBPD_DPM_RequestGetBatteryStatus
                0x0000000008010170       0x94 USBPD/usbpd_dpm_user.o
                0x0000000008010170                USBPD_DPM_RequestGetBatteryStatus
 .text.USBPD_DPM_RequestSecurityRequest
                0x0000000008010204       0x80 USBPD/usbpd_dpm_user.o
                0x0000000008010204                USBPD_DPM_RequestSecurityRequest
 .text.USBPD_PWR_IF_SupplyReady
                0x0000000008010284       0x1c USBPD/usbpd_pwr_if.o
                0x0000000008010284                USBPD_PWR_IF_SupplyReady
 .text.USBPD_PWR_IF_GetPortPDOs
                0x00000000080102a0       0x44 USBPD/usbpd_pwr_if.o
                0x00000000080102a0                USBPD_PWR_IF_GetPortPDOs
 .text.USBPD_PWR_IF_GetVBUSStatus
                0x00000000080102e4       0x98 USBPD/usbpd_pwr_if.o
                0x00000000080102e4                USBPD_PWR_IF_GetVBUSStatus
 .text.LL_ADC_REG_ReadConversionData12
                0x000000000801037c       0x16 USBPD/usbpd_pwr_user.o
 .text.BSP_USBPD_PWR_Init
                0x0000000008010392       0x22 USBPD/usbpd_pwr_user.o
                0x0000000008010392                BSP_USBPD_PWR_Init
 .text.BSP_USBPD_PWR_VBUSInit
                0x00000000080103b4       0x3c USBPD/usbpd_pwr_user.o
                0x00000000080103b4                BSP_USBPD_PWR_VBUSInit
 .text.BSP_USBPD_PWR_VBUSDeInit
                0x00000000080103f0       0x3c USBPD/usbpd_pwr_user.o
                0x00000000080103f0                BSP_USBPD_PWR_VBUSDeInit
 .text.BSP_USBPD_PWR_VBUSGetVoltage
                0x000000000801042c       0x7c USBPD/usbpd_pwr_user.o
                0x000000000801042c                BSP_USBPD_PWR_VBUSGetVoltage
 .text.BSP_USBPD_PWR_VBUSGetCurrent
                0x00000000080104a8       0x4c USBPD/usbpd_pwr_user.o
                0x00000000080104a8                BSP_USBPD_PWR_VBUSGetCurrent
 .text.BSP_GUI_LoadDataFromFlash
                0x00000000080104f4      0x1d4 Utilities/bsp_gui.o
                0x00000000080104f4                BSP_GUI_LoadDataFromFlash
 .text.BSP_GUI_SaveDataInFlash
                0x00000000080106c8      0x2a8 Utilities/bsp_gui.o
                0x00000000080106c8                BSP_GUI_SaveDataInFlash
 .text.SavePDOInFlash
                0x0000000008010970       0xf6 Utilities/bsp_gui.o
 .text.SaveSettingsInFlash
                0x0000000008010a66      0x12a Utilities/bsp_gui.o
 .text.LoadPDOFromFlash
                0x0000000008010b90       0x50 Utilities/bsp_gui.o
 .text.LoadSettingsFromFlash
                0x0000000008010be0       0x36 Utilities/bsp_gui.o
 .text.TLV_init_encode
                0x0000000008010c16       0xc6 Utilities/data_struct_tlv.o
                0x0000000008010c16                TLV_init_encode
 .text.TLV_add  0x0000000008010cdc      0x19c Utilities/data_struct_tlv.o
                0x0000000008010cdc                TLV_add
 .text.TLV_addValue
                0x0000000008010e78      0x128 Utilities/data_struct_tlv.o
                0x0000000008010e78                TLV_addValue
 .text.TLV_deinit_encode
                0x0000000008010fa0       0x24 Utilities/data_struct_tlv.o
                0x0000000008010fa0                TLV_deinit_encode
 .text.TLV_init_decode
                0x0000000008010fc4       0x58 Utilities/data_struct_tlv.o
                0x0000000008010fc4                TLV_init_decode
 .text.TLV_get  0x000000000801101c       0xb4 Utilities/data_struct_tlv.o
                0x000000000801101c                TLV_get
 .text.TLV_deinit_decode
                0x00000000080110d0       0x1c Utilities/data_struct_tlv.o
                0x00000000080110d0                TLV_deinit_decode
 .text.TLV_get_string_length
                0x00000000080110ec       0x6c Utilities/data_struct_tlv.o
                0x00000000080110ec                TLV_get_string_length
 .text.GUI_Init
                0x0000000008011158      0x190 Utilities/gui_api.o
                0x0000000008011158                GUI_Init
 .text.GUI_Start
                0x00000000080112e8       0x18 Utilities/gui_api.o
                0x00000000080112e8                GUI_Start
 .text.TaskGUI  0x0000000008011300      0x178 Utilities/gui_api.o
 .text.CheckGUITimers
                0x0000000008011478       0x60 Utilities/gui_api.o
 .text.GUI_TimerCounter
                0x00000000080114d8       0x3c Utilities/gui_api.o
                0x00000000080114d8                GUI_TimerCounter
 .text.GUI_CALLBACK_RX
                0x0000000008011514       0x50 Utilities/gui_api.o
 .text.GUI_RXProcess
                0x0000000008011564       0xb0 Utilities/gui_api.o
                0x0000000008011564                GUI_RXProcess
 .text.GUI_FormatAndSendNotification
                0x0000000008011614       0x40 Utilities/gui_api.o
                0x0000000008011614                GUI_FormatAndSendNotification
 .text.GUI_GetMessage
                0x0000000008011654      0x204 Utilities/gui_api.o
                0x0000000008011654                GUI_GetMessage
 .text.GUI_SendAnswer
                0x0000000008011858      0x1e0 Utilities/gui_api.o
                0x0000000008011858                GUI_SendAnswer
 .text.GUI_SendNotification
                0x0000000008011a38      0x818 Utilities/gui_api.o
                0x0000000008011a38                GUI_SendNotification
 .text.GUI_PostNotificationMessage
                0x0000000008012250       0xcc Utilities/gui_api.o
                0x0000000008012250                GUI_PostNotificationMessage
 .text.GUI_SaveInfo
                0x000000000801231c      0x1dc Utilities/gui_api.o
                0x000000000801231c                GUI_SaveInfo
 .text.Send_DpmInitCnf
                0x00000000080124f8      0x35c Utilities/gui_api.o
 .text.Request_MessageReq
                0x0000000008012854      0x684 Utilities/gui_api.o
 .text.Send_DpmConfigSetCnf
                0x0000000008012ed8      0x8d4 Utilities/gui_api.o
 .text.Send_DpmConfigGetCnf
                0x00000000080137ac      0x5c0 Utilities/gui_api.o
 .text.Send_DpmConfigGetRej
                0x0000000008013d6c       0x44 Utilities/gui_api.o
 .text.Send_DpmMessageRej
                0x0000000008013db0       0x44 Utilities/gui_api.o
 .text.Send_DpmRegisterReadCnf
                0x0000000008013df4       0xbc Utilities/gui_api.o
 .text.Send_DpmRegisterWriteCnf
                0x0000000008013eb0       0x84 Utilities/gui_api.o
 .text.Manage_FreeText
                0x0000000008013f34       0x50 Utilities/gui_api.o
 .text.UpdateSNKPowerPort0
                0x0000000008013f84      0x260 Utilities/gui_api.o
 .text.TRACER_EMB_Init
                0x00000000080141e4       0x28 Utilities/tracer_emb.o
                0x00000000080141e4                TRACER_EMB_Init
 .text.TRACER_EMB_Add
                0x000000000801420c       0x6c Utilities/tracer_emb.o
                0x000000000801420c                TRACER_EMB_Add
 .text.TRACER_EMB_IRQHandlerDMA
                0x0000000008014278        0xe Utilities/tracer_emb.o
                0x0000000008014278                TRACER_EMB_IRQHandlerDMA
 .text.TRACER_EMB_IRQHandlerUSART
                0x0000000008014286        0xe Utilities/tracer_emb.o
                0x0000000008014286                TRACER_EMB_IRQHandlerUSART
 .text.TRACER_EMB_WriteData
                0x0000000008014294       0x30 Utilities/tracer_emb.o
                0x0000000008014294                TRACER_EMB_WriteData
 .text.TRACER_EMB_StartRX
                0x00000000080142c4       0x1c Utilities/tracer_emb.o
                0x00000000080142c4                TRACER_EMB_StartRX
 .text.TRACER_EMB_EnableOverFlow
                0x00000000080142e0       0x38 Utilities/tracer_emb.o
                0x00000000080142e0                TRACER_EMB_EnableOverFlow
 .text.TRACER_EMB_CALLBACK_TX
                0x0000000008014318       0x90 Utilities/tracer_emb.o
                0x0000000008014318                TRACER_EMB_CALLBACK_TX
 .text.TRACER_EMB_Lock
                0x00000000080143a8       0x3c Utilities/tracer_emb.o
                0x00000000080143a8                TRACER_EMB_Lock
 .text.TRACER_EMB_UnLock
                0x00000000080143e4       0x3c Utilities/tracer_emb.o
                0x00000000080143e4                TRACER_EMB_UnLock
 .text.TRACER_EMB_SendData
                0x0000000008014420       0xb8 Utilities/tracer_emb.o
                0x0000000008014420                TRACER_EMB_SendData
 .text.TRACER_EMB_AllocateBufer
                0x00000000080144d8       0xb4 Utilities/tracer_emb.o
                0x00000000080144d8                TRACER_EMB_AllocateBufer
 .text.TRACER_EMB_LowPowerInit
                0x000000000801458c        0xa Utilities/tracer_emb.o
                0x000000000801458c                TRACER_EMB_LowPowerInit
 .text.TRACER_EMB_LowPowerSendData
                0x0000000008014596        0xa Utilities/tracer_emb.o
                0x0000000008014596                TRACER_EMB_LowPowerSendData
 .text.TRACER_EMB_LowPowerSendDataComplete
                0x00000000080145a0        0xa Utilities/tracer_emb.o
                0x00000000080145a0                TRACER_EMB_LowPowerSendDataComplete
 *fill*         0x00000000080145aa        0x2 
 .text.__NVIC_EnableIRQ
                0x00000000080145ac       0x34 Utilities/tracer_emb_hw.o
 .text.__NVIC_SetPriority
                0x00000000080145e0       0xdc Utilities/tracer_emb_hw.o
 .text.LL_DMA_EnableChannel
                0x00000000080146bc       0x40 Utilities/tracer_emb_hw.o
 .text.LL_DMA_DisableChannel
                0x00000000080146fc       0x40 Utilities/tracer_emb_hw.o
 .text.LL_DMA_ConfigTransfer
                0x000000000801473c       0x4c Utilities/tracer_emb_hw.o
 .text.LL_DMA_GetDataTransferDirection
                0x0000000008014788       0x34 Utilities/tracer_emb_hw.o
 .text.LL_DMA_SetDataLength
                0x00000000080147bc       0x44 Utilities/tracer_emb_hw.o
 .text.LL_DMA_ConfigAddresses
                0x0000000008014800       0x70 Utilities/tracer_emb_hw.o
 .text.LL_DMA_SetPeriphRequest
                0x0000000008014870       0x58 Utilities/tracer_emb_hw.o
 .text.LL_DMA_IsActiveFlag_TC3
                0x00000000080148c8       0x28 Utilities/tracer_emb_hw.o
 .text.LL_DMA_ClearFlag_GI3
                0x00000000080148f0       0x18 Utilities/tracer_emb_hw.o
 .text.LL_DMA_EnableIT_TC
                0x0000000008014908       0x40 Utilities/tracer_emb_hw.o
 .text.LL_AHB1_GRP1_EnableClock
                0x0000000008014948       0x2c Utilities/tracer_emb_hw.o
 .text.LL_APB1_GRP1_EnableClock
                0x0000000008014974       0x2c Utilities/tracer_emb_hw.o
 .text.LL_APB1_GRP1_DisableClock
                0x00000000080149a0       0x24 Utilities/tracer_emb_hw.o
 .text.LL_IOP_GRP1_EnableClock
                0x00000000080149c4       0x2c Utilities/tracer_emb_hw.o
 .text.LL_GPIO_SetPinMode
                0x00000000080149f0       0x38 Utilities/tracer_emb_hw.o
 .text.LL_GPIO_SetPinOutputType
                0x0000000008014a28       0x2a Utilities/tracer_emb_hw.o
 .text.LL_GPIO_SetPinSpeed
                0x0000000008014a52       0x38 Utilities/tracer_emb_hw.o
 .text.LL_GPIO_SetPinPull
                0x0000000008014a8a       0x38 Utilities/tracer_emb_hw.o
 .text.LL_GPIO_SetAFPin_0_7
                0x0000000008014ac2       0x46 Utilities/tracer_emb_hw.o
 .text.LL_LPUART_Enable
                0x0000000008014b08       0x1c Utilities/tracer_emb_hw.o
 .text.LL_LPUART_Disable
                0x0000000008014b24       0x1e Utilities/tracer_emb_hw.o
 .text.LL_LPUART_EnableDirectionRx
                0x0000000008014b42       0x1c Utilities/tracer_emb_hw.o
 .text.LL_LPUART_IsActiveFlag_TEACK
                0x0000000008014b5e       0x28 Utilities/tracer_emb_hw.o
 .text.LL_LPUART_ClearFlag_PE
                0x0000000008014b86       0x16 Utilities/tracer_emb_hw.o
 .text.LL_LPUART_ClearFlag_FE
                0x0000000008014b9c       0x16 Utilities/tracer_emb_hw.o
 .text.LL_LPUART_ClearFlag_NE
                0x0000000008014bb2       0x16 Utilities/tracer_emb_hw.o
 .text.LL_LPUART_ClearFlag_ORE
                0x0000000008014bc8       0x16 Utilities/tracer_emb_hw.o
 .text.LL_LPUART_ClearFlag_TC
                0x0000000008014bde       0x16 Utilities/tracer_emb_hw.o
 .text.LL_LPUART_EnableIT_RXNE_RXFNE
                0x0000000008014bf4       0x1c Utilities/tracer_emb_hw.o
 .text.LL_LPUART_EnableIT_TC
                0x0000000008014c10       0x1c Utilities/tracer_emb_hw.o
 .text.LL_LPUART_EnableIT_ERROR
                0x0000000008014c2c       0x1c Utilities/tracer_emb_hw.o
 .text.LL_LPUART_DisableIT_TC
                0x0000000008014c48       0x1e Utilities/tracer_emb_hw.o
 .text.LL_LPUART_IsEnabledIT_RXNE_RXFNE
                0x0000000008014c66       0x22 Utilities/tracer_emb_hw.o
 .text.LL_LPUART_IsEnabledIT_TC
                0x0000000008014c88       0x22 Utilities/tracer_emb_hw.o
 .text.LL_LPUART_IsEnabledIT_PE
                0x0000000008014caa       0x28 Utilities/tracer_emb_hw.o
 .text.LL_LPUART_IsEnabledIT_ERROR
                0x0000000008014cd2       0x22 Utilities/tracer_emb_hw.o
 .text.LL_LPUART_EnableDMAReq_TX
                0x0000000008014cf4       0x1c Utilities/tracer_emb_hw.o
 .text.LL_LPUART_DMA_GetRegAddr
                0x0000000008014d10       0x28 Utilities/tracer_emb_hw.o
 .text.LL_LPUART_ReceiveData8
                0x0000000008014d38       0x16 Utilities/tracer_emb_hw.o
 *fill*         0x0000000008014d4e        0x2 
 .text.HW_TRACER_EMB_Init
                0x0000000008014d50      0x184 Utilities/tracer_emb_hw.o
                0x0000000008014d50                HW_TRACER_EMB_Init
 .text.HW_TRACER_EMB_RegisterRxCallback
                0x0000000008014ed4       0x24 Utilities/tracer_emb_hw.o
                0x0000000008014ed4                HW_TRACER_EMB_RegisterRxCallback
 .text.HW_TRACER_EMB_StartRX
                0x0000000008014ef8       0x34 Utilities/tracer_emb_hw.o
                0x0000000008014ef8                HW_TRACER_EMB_StartRX
 .text.HW_TRACER_EMB_IRQHandlerDMA
                0x0000000008014f2c       0x30 Utilities/tracer_emb_hw.o
                0x0000000008014f2c                HW_TRACER_EMB_IRQHandlerDMA
 .text.HW_TRACER_EMB_IRQHandlerUSART
                0x0000000008014f5c      0x19c Utilities/tracer_emb_hw.o
                0x0000000008014f5c                HW_TRACER_EMB_IRQHandlerUSART
 .text.HW_TRACER_EMB_SendData
                0x00000000080150f8       0x6c Utilities/tracer_emb_hw.o
                0x00000000080150f8                HW_TRACER_EMB_SendData
 .text.__aeabi_memclr
                0x0000000008015164        0xa c:/st/stm32cubeide_1.6.0/stm32cubeide/plugins/com.st.stm32cube.ide.mcu.externaltools.gnu-tools-for-stm32.9-2020-q2-update.win32_1.5.0.202011040924/tools/bin/../lib/gcc/arm-none-eabi/9.3.1/../../../../arm-none-eabi/lib/thumb/v6-m/nofp\libc_nano.a(lib_a-aeabi_memclr.o)
                0x0000000008015164                __aeabi_memclr
                0x0000000008015164                __aeabi_memclr4
                0x0000000008015164                __aeabi_memclr8
 .text.__aeabi_memcpy
                0x000000000801516e        0x8 c:/st/stm32cubeide_1.6.0/stm32cubeide/plugins/com.st.stm32cube.ide.mcu.externaltools.gnu-tools-for-stm32.9-2020-q2-update.win32_1.5.0.202011040924/tools/bin/../lib/gcc/arm-none-eabi/9.3.1/../../../../arm-none-eabi/lib/thumb/v6-m/nofp\libc_nano.a(lib_a-aeabi_memcpy.o)
                0x000000000801516e                __aeabi_memcpy4
                0x000000000801516e                __aeabi_memcpy8
                0x000000000801516e                __aeabi_memcpy
 .text.__aeabi_memset
                0x0000000008015176        0xe c:/st/stm32cubeide_1.6.0/stm32cubeide/plugins/com.st.stm32cube.ide.mcu.externaltools.gnu-tools-for-stm32.9-2020-q2-update.win32_1.5.0.202011040924/tools/bin/../lib/gcc/arm-none-eabi/9.3.1/../../../../arm-none-eabi/lib/thumb/v6-m/nofp\libc_nano.a(lib_a-aeabi_memset.o)
                0x0000000008015176                __aeabi_memset8
                0x0000000008015176                __aeabi_memset4
                0x0000000008015176                __aeabi_memset
 .text.__errno  0x0000000008015184        0xc c:/st/stm32cubeide_1.6.0/stm32cubeide/plugins/com.st.stm32cube.ide.mcu.externaltools.gnu-tools-for-stm32.9-2020-q2-update.win32_1.5.0.202011040924/tools/bin/../lib/gcc/arm-none-eabi/9.3.1/../../../../arm-none-eabi/lib/thumb/v6-m/nofp\libc_nano.a(lib_a-errno.o)
                0x0000000008015184                __errno
 .text.__libc_init_array