core_cm0plus.h:741:22:__NVIC_EnableIRQ	16	static,ignoring_inline_asm
core_cm0plus.h:850:22:__NVIC_SetPriority	24	static
stm32g0xx_ll_dma.h:604:22:LL_DMA_SetDataTransferDirection	32	static
stm32g0xx_ll_dma.h:655:22:LL_DMA_SetMode	32	static
stm32g0xx_ll_dma.h:702:22:LL_DMA_SetPeriphIncMode	32	static
stm32g0xx_ll_dma.h:749:22:LL_DMA_SetMemoryIncMode	32	static
stm32g0xx_ll_dma.h:797:22:LL_DMA_SetPeriphSize	32	static
stm32g0xx_ll_dma.h:846:22:LL_DMA_SetMemorySize	32	static
stm32g0xx_ll_dma.h:896:22:LL_DMA_SetChannelPriorityLevel	32	static
stm32g0xx_ll_dma.h:1271:22:LL_DMA_SetPeriphRequest	32	static
stm32g0xx_ll_lpuart.h:479:22:LL_LPUART_Enable	16	static
stm32g0xx_ll_lpuart.h:531:22:LL_LPUART_DisableFIFO	16	static
stm32g0xx_ll_lpuart.h:560:22:LL_LPUART_SetTXFIFOThreshold	16	static
stm32g0xx_ll_lpuart.h:595:22:LL_LPUART_SetRXFIFOThreshold	16	static
stm32g0xx_ll_lpuart.h:1745:26:LL_LPUART_IsActiveFlag_TEACK	16	static
stm32g0xx_ll_lpuart.h:1756:26:LL_LPUART_IsActiveFlag_REACK	16	static
stm32g0xx_ll_bus.h:469:22:LL_APB1_GRP1_EnableClock	24	static
stm32g0xx_ll_bus.h:1141:22:LL_IOP_GRP1_EnableClock	24	static
main.c:74:5:main	40	static
main.c:153:6:SystemClock_Config	144	static
main.c:208:13:MX_ADC1_Init	24	static
main.c:266:13:MX_LPUART1_UART_Init	72	static
main.c:360:13:MX_UCPD1_Init	32	static
main.c:440:13:MX_DMA_Init	16	static
main.c:461:13:MX_GPIO_Init	16	static
main.c:481:6:StartDefaultTask	16	static
main.c:496:6:Error_Handler	8	static,ignoring_inline_asm
