gui_api.c:599:23:GUI_Init	72	static,ignoring_inline_asm
gui_api.c:664:6:GUI_Start	8	static
gui_api.c:677:13:TaskGUI	56	static
gui_api.c:777:17:CheckGUITimers	24	static
gui_api.c:799:6:GUI_TimerCounter	8	static
gui_api.c:838:6:GUI_CALLBACK_RX	24	static,ignoring_inline_asm
gui_api.c:868:10:GUI_RXProcess	40	static
gui_api.c:923:10:GUI_FormatAndSendNotification	48	static
gui_api.c:942:10:GUI_GetMessage	24	static
gui_api.c:1059:17:GUI_SendAnswer	32	static
gui_api.c:1167:17:GUI_SendNotification	176	static
gui_api.c:1488:6:GUI_PostNotificationMessage	32	static
gui_api.c:1522:23:GUI_IsRunning	8	static
gui_api.c:1535:6:GUI_SaveInfo	56	static
gui_api.c:1695:6:GUI_RegisterCallback_FreeText	16	static
gui_api.c:1713:13:Send_DpmInitCnf	88	static
gui_api.c:1838:13:Request_MessageReq	80	static
gui_api.c:2262:13:Send_DpmConfigSetCnf	360	static
gui_api.c:2532:13:Send_DpmConfigGetCnf	80	static
gui_api.c:2901:13:Send_DpmConfigGetRej	40	static
gui_api.c:2909:13:Send_DpmMessageRej	40	static
gui_api.c:2917:13:Send_DpmRegisterReadCnf	80	static
gui_api.c:3077:13:Send_DpmRegisterWriteCnf	64	static
gui_api.c:3229:28:Manage_FreeText	32	static
gui_api.c:3247:13:UpdateSNKPowerPort0	40	static
