core_cm0plus.h:741:22:__NVIC_EnableIRQ	16	static,ignoring_inline_asm
core_cm0plus.h:850:22:__NVIC_SetPriority	24	static
stm32g0xx_ll_dma.h:501:22:LL_DMA_EnableChannel	24	static
stm32g0xx_ll_dma.h:521:22:LL_DMA_DisableChannel	24	static
stm32g0xx_ll_dma.h:577:22:LL_DMA_ConfigTransfer	32	static
stm32g0xx_ll_dma.h:629:26:LL_DMA_GetDataTransferDirection	24	static
stm32g0xx_ll_dma.h:945:22:LL_DMA_SetDataLength	32	static
stm32g0xx_ll_dma.h:998:22:LL_DMA_ConfigAddresses	32	static
stm32g0xx_ll_dma.h:1271:22:LL_DMA_SetPeriphRequest	32	static
stm32g0xx_ll_dma.h:1478:26:LL_DMA_IsActiveFlag_TC3	16	static
stm32g0xx_ll_dma.h:1733:22:LL_DMA_ClearFlag_GI3	16	static
stm32g0xx_ll_dma.h:2066:22:LL_DMA_EnableIT_TC	24	static
stm32g0xx_ll_bus.h:252:22:LL_AHB1_GRP1_EnableClock	24	static
stm32g0xx_ll_bus.h:469:22:LL_APB1_GRP1_EnableClock	24	static
stm32g0xx_ll_bus.h:611:22:LL_APB1_GRP1_DisableClock	16	static
stm32g0xx_ll_bus.h:1141:22:LL_IOP_GRP1_EnableClock	24	static
stm32g0xx_ll_gpio.h:284:22:LL_GPIO_SetPinMode	24	static
stm32g0xx_ll_gpio.h:352:22:LL_GPIO_SetPinOutputType	24	static
stm32g0xx_ll_gpio.h:423:22:LL_GPIO_SetPinSpeed	24	static
stm32g0xx_ll_gpio.h:492:22:LL_GPIO_SetPinPull	24	static
stm32g0xx_ll_gpio.h:555:22:LL_GPIO_SetAFPin_0_7	24	static
stm32g0xx_ll_lpuart.h:479:22:LL_LPUART_Enable	16	static
stm32g0xx_ll_lpuart.h:498:22:LL_LPUART_Disable	16	static
stm32g0xx_ll_lpuart.h:687:22:LL_LPUART_EnableDirectionRx	16	static
stm32g0xx_ll_lpuart.h:1745:26:LL_LPUART_IsActiveFlag_TEACK	16	static
stm32g0xx_ll_lpuart.h:1811:22:LL_LPUART_ClearFlag_PE	16	static
stm32g0xx_ll_lpuart.h:1822:22:LL_LPUART_ClearFlag_FE	16	static
stm32g0xx_ll_lpuart.h:1833:22:LL_LPUART_ClearFlag_NE	16	static
stm32g0xx_ll_lpuart.h:1844:22:LL_LPUART_ClearFlag_ORE	16	static
stm32g0xx_ll_lpuart.h:1877:22:LL_LPUART_ClearFlag_TC	16	static
stm32g0xx_ll_lpuart.h:1943:22:LL_LPUART_EnableIT_RXNE_RXFNE	16	static
stm32g0xx_ll_lpuart.h:1954:22:LL_LPUART_EnableIT_TC	16	static
stm32g0xx_ll_lpuart.h:2027:22:LL_LPUART_EnableIT_ERROR	16	static
stm32g0xx_ll_lpuart.h:2107:22:LL_LPUART_DisableIT_TC	16	static
stm32g0xx_ll_lpuart.h:2249:26:LL_LPUART_IsEnabledIT_RXNE_RXFNE	16	static
stm32g0xx_ll_lpuart.h:2260:26:LL_LPUART_IsEnabledIT_TC	16	static
stm32g0xx_ll_lpuart.h:2285:26:LL_LPUART_IsEnabledIT_PE	16	static
stm32g0xx_ll_lpuart.h:2329:26:LL_LPUART_IsEnabledIT_ERROR	16	static
stm32g0xx_ll_lpuart.h:2425:22:LL_LPUART_EnableDMAReq_TX	16	static
stm32g0xx_ll_lpuart.h:2495:26:LL_LPUART_DMA_GetRegAddr	24	static
stm32g0xx_ll_lpuart.h:2527:25:LL_LPUART_ReceiveData8	16	static
tracer_emb_hw.c:157:6:HW_TRACER_EMB_Init	72	static
tracer_emb_hw.c:349:6:HW_TRACER_EMB_DeInit	8	static
tracer_emb_hw.c:360:6:HW_TRACER_EMB_RegisterRxCallback	16	static
tracer_emb_hw.c:370:6:HW_TRACER_EMB_StartRX	8	static
tracer_emb_hw.c:389:6:HW_TRACER_EMB_IRQHandlerDMA	8	static
tracer_emb_hw.c:403:6:HW_TRACER_EMB_IRQHandlerUSART	32	static
tracer_emb_hw.c:560:6:HW_TRACER_EMB_SendData	32	static
tracer_emb_hw.c:619:9:HW_TRACER_EMB_ReadData	8	static
