stm32g0xx_ll_adc.h:4467:26:LL_ADC_REG_ReadConversionData12	16	static
usbpd_pwr_user.c:119:26:BSP_PWR_VBUSInit	24	static
usbpd_pwr_user.c:137:26:BSP_PWR_VBUSDeInit	24	static
usbpd_pwr_user.c:154:26:BSP_PWR_VBUSOn	24	static
usbpd_pwr_user.c:171:26:BSP_PWR_VBUSOff	24	static
usbpd_pwr_user.c:191:26:BSP_PWR_VBUSSetVoltage_Fixed	32	static
usbpd_pwr_user.c:215:26:BSP_PWR_VBUSSetVoltage_Variable	40	static
usbpd_pwr_user.c:240:26:BSP_PWR_VBUSSetVoltage_Battery	40	static
usbpd_pwr_user.c:264:26:BSP_PWR_VBUSSetVoltage_APDO	32	static
usbpd_pwr_user.c:284:17:BSP_PWR_VBUSGetVoltage	32	static
usbpd_pwr_user.c:305:16:BSP_PWR_VBUSGetCurrent	32	static
usbpd_pwr_user.c:330:26:BSP_PWR_VCONNInit	24	static
usbpd_pwr_user.c:352:26:BSP_PWR_VCONNDeInit	24	static
usbpd_pwr_user.c:374:26:BSP_PWR_VCONNOn	24	static
usbpd_pwr_user.c:396:26:BSP_PWR_VCONNOff	24	static
usbpd_pwr_user.c:418:13:BSP_PWR_SetVBUSDisconnectionThreshold	24	static
usbpd_pwr_user.c:441:26:BSP_PWR_RegisterVBUSDetectCallback	24	static
usbpd_pwr_user.c:459:16:BSP_PWR_VBUSIsOn	40	static
usbpd_pwr_user.c:484:16:BSP_PWR_VCONNIsOn	40	static
usbpd_pwr_user.c:513:16:BSP_USBPD_PWR_Init	24	static
usbpd_pwr_user.c:535:16:BSP_USBPD_PWR_Deinit	24	static
usbpd_pwr_user.c:558:16:BSP_USBPD_PWR_VBUSInit	32	static
usbpd_pwr_user.c:590:16:BSP_USBPD_PWR_VBUSDeInit	32	static
usbpd_pwr_user.c:617:16:BSP_USBPD_PWR_VBUSOn	32	static
usbpd_pwr_user.c:648:16:BSP_USBPD_PWR_VBUSOff	32	static
usbpd_pwr_user.c:682:16:BSP_USBPD_PWR_VBUSSetVoltage_Fixed	40	static
usbpd_pwr_user.c:716:16:BSP_USBPD_PWR_VBUSSetVoltage_Variable	40	static
usbpd_pwr_user.c:751:16:BSP_USBPD_PWR_VBUSSetVoltage_Battery	40	static
usbpd_pwr_user.c:785:16:BSP_USBPD_PWR_VBUSSetVoltage_APDO	40	static
usbpd_pwr_user.c:816:16:BSP_USBPD_PWR_VBUSGetVoltage	24	static
usbpd_pwr_user.c:852:16:BSP_USBPD_PWR_VBUSGetCurrent	32	static
usbpd_pwr_user.c:888:16:BSP_USBPD_PWR_VCONNInit	32	static
usbpd_pwr_user.c:920:16:BSP_USBPD_PWR_VCONNDeInit	32	static
usbpd_pwr_user.c:952:16:BSP_USBPD_PWR_VCONNOn	32	static
usbpd_pwr_user.c:984:16:BSP_USBPD_PWR_VCONNOff	32	static
usbpd_pwr_user.c:1017:16:BSP_USBPD_PWR_VCONNIsOn	40	static
usbpd_pwr_user.c:1050:16:BSP_USBPD_PWR_SetVBUSDisconnectionThreshold	32	static
usbpd_pwr_user.c:1083:16:BSP_USBPD_PWR_RegisterVBUSDetectCallback	32	static
usbpd_pwr_user.c:1112:16:BSP_USBPD_PWR_VBUSIsOn	32	static
usbpd_pwr_user.c:1145:16:BSP_USBPD_PWR_VCCSetState	32	static
