usbpd_dpm_core.c:129:21:USBPD_DPM_InitCore	24	static
usbpd_dpm_core.c:218:21:USBPD_DPM_InitOS	8	static
usbpd_dpm_core.c:257:6:USBPD_DPM_Run	8	static
usbpd_dpm_core.c:269:6:USBPD_DPM_TimerCounter	8	static
usbpd_dpm_core.c:294:13:USBPD_PE_TaskWakeUp	16	static
usbpd_dpm_core.c:308:13:USBPD_DPM_CADTaskWakeUp	8	static
usbpd_dpm_core.c:324:6:USBPD_PE_Task	48	static
usbpd_dpm_core.c:380:6:USBPD_CAD_Task	40	static
usbpd_dpm_core.c:403:6:USBPD_DPM_CADCallback	24	static
usbpd_dpm_core.c:451:13:DPM_ManageAttachedState	24	static
