usbpd_pwr_if.c:117:21:USBPD_PWR_IF_Init	8	static
usbpd_pwr_if.c:130:21:USBPD_PWR_IF_SupplyReady	16	static
usbpd_pwr_if.c:144:21:USBPD_PWR_IF_ReadVA	24	static
usbpd_pwr_if.c:157:21:USBPD_PWR_IF_Enable_VConn	16	static
usbpd_pwr_if.c:170:21:USBPD_PWR_IF_Disable_VConn	16	static
usbpd_pwr_if.c:188:6:USBPD_PWR_IF_GetPortPDOs	24	static
usbpd_pwr_if.c:208:21:USBPD_PWR_IF_SearchRequestedPDO	24	static
usbpd_pwr_if.c:220:6:USBPD_PWR_IF_AlarmType	16	static
usbpd_pwr_if.c:231:6:USBPD_PWR_IF_Alarm	8	static
usbpd_pwr_if.c:244:9:USBPD_PWR_IF_GetVBUSStatus	24	static
usbpd_pwr_if.c:273:6:USBPD_PWR_IF_UpdateVbusThreshold	16	static
usbpd_pwr_if.c:284:6:USBPD_PWR_IF_ResetVbusThreshold	16	static
