usbpd_dpm_user.c:156:21:USBPD_DPM_UserInit	8	static
usbpd_dpm_user.c:170:6:USBPD_DPM_SetNotification_GUI	24	static
usbpd_dpm_user.c:182:6:USBPD_DPM_WaitForTime	16	static
usbpd_dpm_user.c:193:6:USBPD_DPM_UserExecute	16	static
usbpd_dpm_user.c:209:6:USBPD_DPM_UserCableDetection	88	static
usbpd_dpm_user.c:238:6:USBPD_DPM_UserTimerCounter	16	static
usbpd_dpm_user.c:260:6:USBPD_DPM_HardReset	88	static
usbpd_dpm_user.c:273:6:USBPD_DPM_Notification	16	static
usbpd_dpm_user.c:293:6:USBPD_DPM_GetDataInfo	96	static
usbpd_dpm_user.c:333:6:USBPD_DPM_SetDataInfo	96	static
usbpd_dpm_user.c:381:6:USBPD_DPM_SNK_EvaluateCapabilities	32	static
usbpd_dpm_user.c:404:21:USBPD_DPM_EvaluateVconnSwap	24	static
usbpd_dpm_user.c:423:21:USBPD_DPM_PE_VconnPwr	16	static
usbpd_dpm_user.c:441:6:USBPD_DPM_ExtendedMessageReceived	24	static
usbpd_dpm_user.c:453:6:USBPD_DPM_EnterErrorRecovery	16	static
usbpd_dpm_user.c:470:21:USBPD_DPM_EvaluateDataRoleSwap	24	static
usbpd_dpm_user.c:500:23:USBPD_DPM_IsPowerReady	16	static
usbpd_dpm_user.c:520:21:USBPD_DPM_RequestHardReset	88	static
usbpd_dpm_user.c:534:21:USBPD_DPM_RequestCableReset	88	static
usbpd_dpm_user.c:546:21:USBPD_DPM_RequestGotoMin	88	static
usbpd_dpm_user.c:560:21:USBPD_DPM_RequestPing	88	static
usbpd_dpm_user.c:574:21:USBPD_DPM_RequestMessageRequest	88	static
usbpd_dpm_user.c:591:21:USBPD_DPM_RequestGetSourceCapability	88	static
usbpd_dpm_user.c:603:21:USBPD_DPM_RequestGetSinkCapability	88	static
usbpd_dpm_user.c:615:21:USBPD_DPM_RequestDataRoleSwap	88	static
usbpd_dpm_user.c:627:21:USBPD_DPM_RequestPowerRoleSwap	88	static
usbpd_dpm_user.c:638:21:USBPD_DPM_RequestVconnSwap	88	static
usbpd_dpm_user.c:651:21:USBPD_DPM_RequestSoftReset	88	static
usbpd_dpm_user.c:663:21:USBPD_DPM_RequestSourceCapability	88	static
usbpd_dpm_user.c:677:21:USBPD_DPM_RequestVDM_DiscoveryIdentify	88	static
usbpd_dpm_user.c:696:21:USBPD_DPM_RequestVDM_DiscoverySVID	88	static
usbpd_dpm_user.c:710:21:USBPD_DPM_RequestVDM_DiscoveryMode	88	static
usbpd_dpm_user.c:725:21:USBPD_DPM_RequestVDM_EnterMode	96	static
usbpd_dpm_user.c:740:21:USBPD_DPM_RequestVDM_ExitMode	96	static
usbpd_dpm_user.c:755:21:USBPD_DPM_RequestDisplayPortStatus	88	static
usbpd_dpm_user.c:773:21:USBPD_DPM_RequestDisplayPortConfig	88	static
usbpd_dpm_user.c:791:21:USBPD_DPM_RequestAttention	88	static
usbpd_dpm_user.c:804:21:USBPD_DPM_RequestAlert	88	static
usbpd_dpm_user.c:816:21:USBPD_DPM_RequestGetSourceCapabilityExt	88	static
usbpd_dpm_user.c:828:21:USBPD_DPM_RequestGetSinkCapabilityExt	88	static
usbpd_dpm_user.c:842:21:USBPD_DPM_RequestGetManufacturerInfo	88	static
usbpd_dpm_user.c:858:21:USBPD_DPM_RequestGetPPS_Status	88	static
usbpd_dpm_user.c:870:21:USBPD_DPM_RequestGetStatus	88	static
usbpd_dpm_user.c:882:21:USBPD_DPM_RequestFastRoleSwap	88	static
usbpd_dpm_user.c:894:21:USBPD_DPM_RequestGetCountryCodes	88	static
usbpd_dpm_user.c:907:21:USBPD_DPM_RequestGetCountryInfo	88	static
usbpd_dpm_user.c:920:21:USBPD_DPM_RequestGetBatteryCapability	88	static
usbpd_dpm_user.c:933:21:USBPD_DPM_RequestGetBatteryStatus	88	static
usbpd_dpm_user.c:945:21:USBPD_DPM_RequestSecurityRequest	88	static
