usbpd_vdm_user.c:111:28:USBPD_VDM_DiscoverIdentity	16	static
usbpd_vdm_user.c:127:28:USBPD_VDM_DiscoverSVIDs	24	static
usbpd_vdm_user.c:144:28:USBPD_VDM_DiscoverModes	24	static
usbpd_vdm_user.c:160:28:USBPD_VDM_ModeEnter	16	static
usbpd_vdm_user.c:176:28:USBPD_VDM_ModeExit	16	static
usbpd_vdm_user.c:192:13:USBPD_VDM_SendAttention	24	static
usbpd_vdm_user.c:208:13:USBPD_VDM_ReceiveAttention	16	static
usbpd_vdm_user.c:225:28:USBPD_VDM_ReceiveSpecific	24	static
usbpd_vdm_user.c:242:13:USBPD_VDM_InformIdentity	24	static
usbpd_vdm_user.c:269:13:USBPD_VDM_InformSVID	24	static
usbpd_vdm_user.c:296:13:USBPD_VDM_InformMode	24	static
usbpd_vdm_user.c:324:13:USBPD_VDM_InformModeEnter	24	static
usbpd_vdm_user.c:349:13:USBPD_VDM_InformModeExit	24	static
usbpd_vdm_user.c:378:13:USBPD_VDM_SendSpecific	24	static
usbpd_vdm_user.c:396:13:USBPD_VDM_InformSpecific	24	static
usbpd_vdm_user.c:411:13:USBPD_VDM_SendUVDM	24	static
usbpd_vdm_user.c:426:28:USBPD_VDM_ReceiveUVDM	24	static
usbpd_vdm_user.c:443:21:USBPD_VDM_UserInit	16	static
usbpd_vdm_user.c:455:6:USBPD_VDM_UserReset	16	static
