stm32g0xx_ll_tim.h:1794:22:LL_TIM_SetPrescaler	16	static
stm32g0xx_ll_tim.h:1821:22:LL_TIM_SetAutoReload	16	static
stm32g0xx_ll_tim.h:1849:22:LL_TIM_SetRepetitionCounter	16	static
stm32g0xx_ll_tim.h:2617:22:LL_TIM_OC_SetCompareCH1	16	static
stm32g0xx_ll_tim.h:2634:22:LL_TIM_OC_SetCompareCH2	16	static
stm32g0xx_ll_tim.h:2651:22:LL_TIM_OC_SetCompareCH3	16	static
stm32g0xx_ll_tim.h:2668:22:LL_TIM_OC_SetCompareCH4	16	static
stm32g0xx_ll_tim.h:2682:22:LL_TIM_OC_SetCompareCH5	16	static
stm32g0xx_ll_tim.h:2696:22:LL_TIM_OC_SetCompareCH6	16	static
stm32g0xx_ll_tim.h:3281:22:LL_TIM_SetEncoderMode	16	static
stm32g0xx_ll_tim.h:5053:22:LL_TIM_GenerateEvent_UPDATE	16	static
stm32g0xx_ll_bus.h:680:22:LL_APB1_GRP1_ForceReset	16	static
stm32g0xx_ll_bus.h:748:22:LL_APB1_GRP1_ReleaseReset	16	static
stm32g0xx_ll_bus.h:1019:22:LL_APB2_GRP1_ForceReset	16	static
stm32g0xx_ll_bus.h:1049:22:LL_APB2_GRP1_ReleaseReset	16	static
stm32g0xx_ll_tim.c:223:13:LL_TIM_DeInit	24	static
stm32g0xx_ll_tim.c:308:6:LL_TIM_StructInit	16	static
stm32g0xx_ll_tim.c:326:13:LL_TIM_Init	24	static
stm32g0xx_ll_tim.c:377:6:LL_TIM_OC_StructInit	16	static
stm32g0xx_ll_tim.c:405:13:LL_TIM_OC_Init	40	static
stm32g0xx_ll_tim.c:442:6:LL_TIM_IC_StructInit	16	static
stm32g0xx_ll_tim.c:464:13:LL_TIM_IC_Init	40	static
stm32g0xx_ll_tim.c:494:6:LL_TIM_ENCODER_StructInit	16	static
stm32g0xx_ll_tim.c:516:13:LL_TIM_ENCODER_Init	24	static
stm32g0xx_ll_tim.c:578:6:LL_TIM_HALLSENSOR_StructInit	16	static
stm32g0xx_ll_tim.c:607:13:LL_TIM_HALLSENSOR_Init	32	static
stm32g0xx_ll_tim.c:685:6:LL_TIM_BDTR_StructInit	16	static
stm32g0xx_ll_tim.c:719:13:LL_TIM_BDTR_Init	24	static
stm32g0xx_ll_tim.c:791:20:OC1Config	32	static
stm32g0xx_ll_tim.c:870:20:OC2Config	32	static
stm32g0xx_ll_tim.c:949:20:OC3Config	32	static
stm32g0xx_ll_tim.c:1028:20:OC4Config	32	static
stm32g0xx_ll_tim.c:1098:20:OC5Config	24	static
stm32g0xx_ll_tim.c:1159:20:OC6Config	24	static
stm32g0xx_ll_tim.c:1219:20:IC1Config	16	static
stm32g0xx_ll_tim.c:1252:20:IC2Config	16	static
stm32g0xx_ll_tim.c:1285:20:IC3Config	16	static
stm32g0xx_ll_tim.c:1318:20:IC4Config	16	static
