stm32g0xx_ll_ucpd.h:1296:22:LL_UCPD_ClearFlag_FRS	16	static
stm32g0xx_ll_ucpd.h:1307:22:LL_UCPD_ClearFlag_TypeCEventCC2	16	static
stm32g0xx_ll_ucpd.h:1318:22:LL_UCPD_ClearFlag_TypeCEventCC1	16	static
stm32g0xx_ll_ucpd.h:1329:22:LL_UCPD_ClearFlag_RxMsgEnd	16	static
stm32g0xx_ll_ucpd.h:1340:22:LL_UCPD_ClearFlag_RxOvr	16	static
stm32g0xx_ll_ucpd.h:1351:22:LL_UCPD_ClearFlag_RxHRST	16	static
stm32g0xx_ll_ucpd.h:1362:22:LL_UCPD_ClearFlag_RxOrderSet	16	static
stm32g0xx_ll_ucpd.h:1373:22:LL_UCPD_ClearFlag_TxUND	16	static
stm32g0xx_ll_ucpd.h:1384:22:LL_UCPD_ClearFlag_TxHRSTSENT	16	static
stm32g0xx_ll_ucpd.h:1395:22:LL_UCPD_ClearFlag_TxHRSTDISC	16	static
stm32g0xx_ll_ucpd.h:1406:22:LL_UCPD_ClearFlag_TxMSGABT	16	static
stm32g0xx_ll_ucpd.h:1417:22:LL_UCPD_ClearFlag_TxMSGSENT	16	static
stm32g0xx_ll_ucpd.h:1428:22:LL_UCPD_ClearFlag_TxMSGDISC	16	static
usbpd_hw_if_it.c:37:6:USBPD_PORT0_IRQHandler	8	static
usbpd_hw_if_it.c:42:6:USBPD_PORT1_IRQHandler	8	static
usbpd_hw_if_it.c:47:6:PORTx_IRQHandler	24	static
