stm32g0xx_ll_bus.h:927:22:LL_APB2_GRP1_EnableClock	24	static
stm32g0xx_ll_bus.h:989:22:LL_APB2_GRP1_DisableClock	16	static
stm32g0xx_ll_tim.h:1510:22:LL_TIM_EnableCounter	16	static
stm32g0xx_ll_tim.h:1650:22:LL_TIM_SetCounterMode	16	static
stm32g0xx_ll_tim.h:1794:22:LL_TIM_SetPrescaler	16	static
stm32g0xx_ll_tim.h:1805:26:LL_TIM_GetPrescaler	16	static
stm32g0xx_ll_tim.h:1821:22:LL_TIM_SetAutoReload	16	static
stm32g0xx_ll_tim.h:2170:22:LL_TIM_OC_SetMode	32	static
stm32g0xx_ll_tim.h:2243:22:LL_TIM_OC_SetPolarity	32	static
stm32g0xx_ll_tim.h:2617:22:LL_TIM_OC_SetCompareCH1	16	static
stm32g0xx_ll_tim.h:2634:22:LL_TIM_OC_SetCompareCH2	16	static
stm32g0xx_ll_tim.h:2651:22:LL_TIM_OC_SetCompareCH3	16	static
stm32g0xx_ll_tim.h:2668:22:LL_TIM_OC_SetCompareCH4	16	static
stm32g0xx_ll_tim.h:4207:22:LL_TIM_ClearFlag_CC1	16	static
stm32g0xx_ll_tim.h:4218:26:LL_TIM_IsActiveFlag_CC1	16	static
stm32g0xx_ll_tim.h:4229:22:LL_TIM_ClearFlag_CC2	16	static
stm32g0xx_ll_tim.h:4240:26:LL_TIM_IsActiveFlag_CC2	16	static
stm32g0xx_ll_tim.h:4251:22:LL_TIM_ClearFlag_CC3	16	static
stm32g0xx_ll_tim.h:4262:26:LL_TIM_IsActiveFlag_CC3	16	static
stm32g0xx_ll_tim.h:4273:22:LL_TIM_ClearFlag_CC4	16	static
stm32g0xx_ll_tim.h:4284:26:LL_TIM_IsActiveFlag_CC4	16	static
usbpd_timersserver.c:48:6:USBPD_TIM_Init	16	static
usbpd_timersserver.c:92:6:USBPD_TIM_DeInit	8	static
usbpd_timersserver.c:107:6:USBPD_TIM_Start	16	static
usbpd_timersserver.c:134:10:USBPD_TIM_IsExpired	24	static
