stm32g0xx_ll_bus.h:252:22:LL_AHB1_GRP1_EnableClock	24	static
stm32g0xx_ll_bus.h:469:22:LL_APB1_GRP1_EnableClock	24	static
stm32g0xx_ll_bus.h:927:22:LL_APB2_GRP1_EnableClock	24	static
stm32g0xx_ll_ucpd.h:340:22:LL_UCPD_Enable	16	static
stm32g0xx_ll_ucpd.h:352:22:LL_UCPD_Disable	16	static
stm32g0xx_ll_ucpd.h:533:22:LL_UCPD_TypeCDetectionCC2Enable	16	static
stm32g0xx_ll_ucpd.h:544:22:LL_UCPD_TypeCDetectionCC2Disable	16	static
stm32g0xx_ll_ucpd.h:555:22:LL_UCPD_TypeCDetectionCC1Enable	16	static
stm32g0xx_ll_ucpd.h:566:22:LL_UCPD_TypeCDetectionCC1Disable	16	static
stm32g0xx_ll_ucpd.h:599:22:LL_UCPD_SignalFRSTX	16	static
stm32g0xx_ll_ucpd.h:610:22:LL_UCPD_FRSDetectionEnable	16	static
stm32g0xx_ll_ucpd.h:637:22:LL_UCPD_SetccEnable	16	static
stm32g0xx_ll_ucpd.h:648:22:LL_UCPD_SetSNKRole	16	static
stm32g0xx_ll_ucpd.h:659:22:LL_UCPD_SetSRCRole	16	static
stm32g0xx_ll_ucpd.h:688:22:LL_UCPD_SetRpResistor	16	static
stm32g0xx_ll_ucpd.h:702:22:LL_UCPD_SetCCPin	16	static
stm32g0xx_ll_ucpd.h:713:22:LL_UCPD_RxEnable	16	static
stm32g0xx_ll_ucpd.h:724:22:LL_UCPD_RxDisable	16	static
stm32g0xx_ll_ucpd.h:738:22:LL_UCPD_SetRxMode	16	static
stm32g0xx_ll_ucpd.h:749:22:LL_UCPD_SendHardReset	16	static
stm32g0xx_ll_ucpd.h:760:22:LL_UCPD_SendMessage	16	static
stm32g0xx_ll_ucpd.h:775:22:LL_UCPD_SetTxMode	16	static
stm32g0xx_ll_ucpd.h:1643:22:LL_UCPD_RxDMAEnable	16	static
stm32g0xx_ll_ucpd.h:1654:22:LL_UCPD_RxDMADisable	16	static
stm32g0xx_ll_ucpd.h:1665:22:LL_UCPD_TxDMAEnable	16	static
stm32g0xx_ll_ucpd.h:1676:22:LL_UCPD_TxDMADisable	16	static
stm32g0xx_ll_ucpd.h:1725:22:LL_UCPD_WriteTxOrderSet	16	static
stm32g0xx_ll_ucpd.h:1737:22:LL_UCPD_WriteTxPaySize	16	static
usbpd_phy_hw_if.c:43:6:USBPD_HW_IF_GlobalHwInit	8	static
usbpd_phy_hw_if.c:51:6:USBPD_HW_IF_StopBISTMode2	24	static
usbpd_phy_hw_if.c:61:21:USBPD_HW_IF_SendBuffer	40	static
usbpd_phy_hw_if.c:122:6:USBPD_HW_IF_Send_BIST_Pattern	16	static
usbpd_phy_hw_if.c:129:6:USBPDM1_AssertRp	16	static
usbpd_phy_hw_if.c:159:6:USBPDM1_DeAssertRp	16	static
usbpd_phy_hw_if.c:165:6:USBPDM1_AssertRd	16	static
usbpd_phy_hw_if.c:191:6:USBPDM1_DeAssertRd	16	static
usbpd_phy_hw_if.c:197:6:USBPDM1_EnterErrorRecovery	16	static
usbpd_phy_hw_if.c:207:6:USBPDM1_Set_CC	16	static
usbpd_phy_hw_if.c:214:6:USBPDM1_RX_EnableInterrupt	16	static
usbpd_phy_hw_if.c:222:6:USBPD_HW_IF_EnableRX	16	static
usbpd_phy_hw_if.c:227:6:USBPD_HW_IF_DisableRX	16	static
usbpd_phy_hw_if.c:232:6:HW_SignalAttachement	32	static
usbpd_phy_hw_if.c:301:6:HW_SignalDetachment	16	static
usbpd_phy_hw_if.c:338:6:USBPD_HW_IF_SetResistor_SinkTxNG	16	static
usbpd_phy_hw_if.c:344:6:USBPD_HW_IF_SetResistor_SinkTxOK	16	static
usbpd_phy_hw_if.c:350:9:USBPD_HW_IF_IsResistor_SinkTxOk	16	static
usbpd_phy_hw_if.c:373:6:USBPD_HW_IF_FastRoleSwapSignalling	16	static
